2026-06-30 10:58:07 USER=saim LAB=lab1
2026-06-30 11:27:35 USER=saim LAB=lab1
2026-06-30 11:37:42 USER=saim LAB=lab1
2026-06-30 11:42:16 USER=saim LAB=lab1
2026-06-30 12:48:37 USER=saim LAB=lab1
2026-06-30 12:49:02 USER=saim LAB=lab1
2026-06-30 12:49:43 USER=saim LAB=lab1
2026-06-30 16:01:59 USER=saim LAB=lab1
2026-06-30 16:12:15 USER=saim LAB=lab1
2026-06-30 16:34:47 USER=saim LAB=lab1
2026-06-30 16:39:34 USER=saim LAB=lab1
2026-06-30 16:41:08 USER=saim LAB=lab1
2026-06-30 17:02:14 USER=saim LAB=lab1
2026-06-30 17:22:06 USER=saim LAB=lab1
2026-06-30 17:26:34 USER=saim LAB=lab1
2026-06-30 17:39:38 USER=saim LAB=lab1
2026-06-30 17:50:35 USER=saim LAB=lab1
2026-06-30 17:54:56 USER=saim LAB=lab1
2026-06-30 17:58:01 USER=saim LAB=lab1
2026-06-30 18:00:44 USER=saim LAB=lab1
2026-06-30 18:15:37 USER=saim LAB=lab1
2026-06-30 18:15:59 USER=saim LAB=lab1
2026-06-30 18:17:44 USER=saim LAB=lab1
2026-06-30 18:17:45 USER=saim LAB=lab1
2026-06-30 18:18:35 USER=saim LAB=lab1
2026-06-30 18:48:06 USER=saim LAB=lab1
2026-08-10 11:02:07 USER=saim LAB=lab204 HOME=/home/saim
2026-08-10 11:40:25 USER=saim LAB=lab204 HOME=/home/saim
2026-08-10 11:46:08 USER=saim LAB=lab204 HOME=/home/saim
2026-08-10 11:46:40 USER=saim LAB=lab204 HOME=/home/saim
2026-08-10 11:53:09 USER=saim LAB=lab204 HOME=/home/saim
2026-08-10 11:53:25 USER=abdullah.anjum LAB=lab201 HOME=/home/abdullah.anjum
2026-08-10 12:28:12 USER=saim LAB=lab204 HOME=/home/saim
2026-08-10 12:29:31 USER=abdullah.anjum LAB=lab205 HOME=/home/abdullah.anjum
2026-08-10 14:07:13 USER=saim LAB=lab204 HOME=/home/saim
2026-08-10 15:20:21 USER=saim LAB=lab204 HOME=/home/saim
2026-08-10 15:34:25 USER=saim LAB=lab204 HOME=/home/saim
2026-08-10 15:35:12 USER=saim LAB=lab204 HOME=/home/saim
2026-08-10 15:48:30 USER=saim LAB=lab204 HOME=/home/saim
2026-08-10 16:01:56 USER=saim LAB=lab204 HOME=/home/saim
2026-08-10 16:07:18 USER=saim LAB=lab204 HOME=/home/saim
2026-08-10 19:42:28 USER=rupinder.kaur LAB=lab205 HOME=/home/rupinder.kaur
2026-08-10 19:42:53 USER=rupinder.kaur LAB=lab205 HOME=/home/rupinder.kaur
2026-08-10 19:44:02 USER=saim LAB=lab205 HOME=/home/saim
2026-08-10 20:10:12 USER=saim LAB=lab205 HOME=/home/saim
2026-08-10 20:20:26 USER=rupinder.kaur LAB=lab205 HOME=/home/rupinder.kaur
2026-08-10 21:04:32 USER=saim LAB=lab205 HOME=/home/saim
2026-08-10 21:29:03 USER=saim LAB=lab205 HOME=/home/saim
2026-08-10 21:33:03 USER=saim LAB=lab205 HOME=/home/saim
2026-08-10 22:06:49 USER=hasnat.kamal LAB=lab205 HOME=/home/hasnat.kamal
2026-08-10 22:08:29 USER=hasnat.kamal LAB=lab201 HOME=/home/hasnat.kamal
2026-08-10 22:10:26 USER=hasnat.kamal LAB=lab201 HOME=/home/hasnat.kamal
2026-08-10 22:12:00 USER=hasnat.kamal LAB=lab202 HOME=/home/hasnat.kamal
2026-08-10 22:20:00 USER=sameer.awais LAB=lab203 HOME=/home/sameer.awais
2026-08-10 22:34:47 USER=gurmat.kaur LAB=lab202 HOME=/home/gurmat.kaur
2026-08-10 22:35:32 USER=gurmat.kaur LAB=lab202 HOME=/home/gurmat.kaur
2026-08-10 22:41:49 USER=sameer.awais LAB=lab201 HOME=/home/sameer.awais
2026-08-10 22:46:53 USER=sameer.awais LAB=lab201 HOME=/home/sameer.awais
2026-08-10 23:27:01 USER=ayesha.abdullah LAB=lab204 HOME=/home/ayesha.abdullah
2026-08-10 23:43:39 USER=ayesha.abdullah LAB=lab204 HOME=/home/ayesha.abdullah
2026-08-11 00:14:02 USER=hasnat.kamal LAB=lab101 HOME=/home/hasnat.kamal
2026-08-11 00:15:54 USER=hasnat.kamal LAB=lab204 HOME=/home/hasnat.kamal
2026-08-11 00:16:40 USER=hasnat.kamal LAB=lab205 HOME=/home/hasnat.kamal
2026-08-11 00:59:32 USER=nimat.ullah LAB=lab201 HOME=/home/nimat.ullah
2026-08-11 03:13:33 USER=mehedi.hasan LAB=lab201 HOME=/home/mehedi.hasan
2026-08-11 04:09:57 USER=nimat.ullah LAB=lab202 HOME=/home/nimat.ullah
2026-08-11 04:41:31 USER=rikza.ali LAB=lab101 HOME=/home/rikza.ali
2026-08-11 05:05:38 USER=isbah.noor LAB=lab204 HOME=/home/isbah.noor
2026-08-11 05:09:33 USER=isbah.noor LAB=lab204 HOME=/home/isbah.noor
2026-08-11 05:14:16 USER=isbah.noor LAB=lab204 HOME=/home/isbah.noor
2026-08-11 05:19:20 USER=isbah.noor LAB=lab204 HOME=/home/isbah.noor
2026-08-11 05:28:54 USER=rikza.ali LAB=lab103 HOME=/home/rikza.ali
2026-08-11 05:33:59 USER=waqar.zahoor LAB=lab205 HOME=/home/waqar.zahoor
2026-08-11 05:34:17 USER=waqar.zahoor LAB=lab204 HOME=/home/waqar.zahoor
2026-08-11 05:37:21 USER=waqar.zahoor LAB=lab204 HOME=/home/waqar.zahoor
2026-08-11 05:38:49 USER=isbah.noor LAB=lab202 HOME=/home/isbah.noor
2026-08-11 05:39:09 USER=waqar.zahoor LAB=lab204 HOME=/home/waqar.zahoor
2026-08-11 05:40:07 USER=waqar.zahoor LAB=lab204 HOME=/home/waqar.zahoor
2026-08-11 05:41:52 USER=waqar.zahoor LAB=lab204 HOME=/home/waqar.zahoor
2026-08-11 05:42:46 USER=waqar.zahoor LAB=lab204 HOME=/home/waqar.zahoor
2026-08-11 05:43:28 USER=isbah.noor LAB=lab204 HOME=/home/isbah.noor
2026-08-11 05:47:17 USER=isbah.noor LAB=lab204 HOME=/home/isbah.noor
2026-08-11 08:02:23 USER=hajra.iftikhar LAB=lab204 HOME=/home/hajra.iftikhar
2026-08-11 08:04:27 USER=hajra.iftikhar LAB=lab204 HOME=/home/hajra.iftikhar
2026-08-11 11:03:58 USER=saim LAB=lab203 HOME=/home/saim
2026-08-11 11:07:59 USER=saim LAB=lab203 HOME=/home/saim
2026-08-11 11:08:31 USER=saim LAB=lab203 HOME=/home/saim
2026-08-11 11:16:15 USER=saim LAB=lab203 HOME=/home/saim
2026-08-11 11:18:21 USER=waleed.javed LAB=lab101 HOME=/home/waleed.javed
2026-08-11 11:21:13 USER=saim LAB=lab203 HOME=/home/saim
2026-08-11 11:21:59 USER=saim LAB=lab203 HOME=/home/saim
2026-08-11 11:37:32 USER=hajra.iftikhar LAB=lab201 HOME=/home/hajra.iftikhar
2026-08-11 12:26:11 USER=saim LAB=lab202 HOME=/home/saim
2026-08-11 13:24:16 USER=saim LAB=lab202 HOME=/home/saim
2026-08-11 13:35:47 USER=saim LAB=lab202 HOME=/home/saim
2026-08-11 13:51:00 USER=saim LAB=lab202 HOME=/home/saim
2026-08-11 13:56:40 USER=saim LAB=lab202 HOME=/home/saim
2026-08-11 13:58:02 USER=waleed.javed LAB=lab103 HOME=/home/waleed.javed
2026-08-11 16:48:07 USER=sameer.awais LAB=lab201 HOME=/home/sameer.awais
2026-08-11 16:48:22 USER=sameer.awais LAB=lab202 HOME=/home/sameer.awais
2026-08-11 17:45:09 USER=saim LAB=lab201 HOME=/home/saim
2026-08-11 17:53:59 USER=saim LAB=lab201 HOME=/home/saim
2026-08-11 18:06:08 USER=saim LAB=lab201 HOME=/home/saim
2026-08-11 18:18:22 USER=saim LAB=lab201 HOME=/home/saim
2026-08-11 18:21:33 USER=saim LAB=lab201 HOME=/home/saim
2026-08-11 18:58:05 USER=isbah.noor LAB=lab205 HOME=/home/isbah.noor
2026-08-11 19:06:42 USER=isbah.noor LAB=lab202 HOME=/home/isbah.noor
2026-08-11 19:35:55 USER=waleed.javed LAB=lab104 HOME=/home/waleed.javed
2026-08-11 20:08:04 USER=hasnat.kamal LAB=lab201 HOME=/home/hasnat.kamal
2026-08-11 20:09:58 USER=hasnat.kamal LAB=lab201 HOME=/home/hasnat.kamal
2026-08-11 20:13:47 USER=hasnat.kamal LAB=lab203 HOME=/home/hasnat.kamal
2026-08-12 00:40:07 USER=sardar.akmal LAB=lab205 HOME=/home/sardar.akmal
2026-08-12 01:21:46 USER=sardar.akmal LAB=lab205 HOME=/home/sardar.akmal
2026-08-12 02:47:58 USER=nimrah.nawaz LAB=lab201 HOME=/home/nimrah.nawaz
2026-08-12 02:48:40 USER=ahmed.mohammed LAB=lab201 HOME=/home/ahmed.mohammed
2026-08-12 03:11:58 USER=ahmed.mohammed LAB=lab202 HOME=/home/ahmed.mohammed
2026-08-12 03:34:56 USER=nimrah.nawaz LAB=lab202 HOME=/home/nimrah.nawaz
2026-08-12 04:34:22 USER=gurmat.kaur LAB=lab201 HOME=/home/gurmat.kaur
2026-08-12 04:36:06 USER=fakhr.rabbani LAB=lab201 HOME=/home/fakhr.rabbani
2026-08-12 05:10:54 USER=muhammad.khan LAB=lab101 HOME=/home/muhammad.khan
2026-08-12 05:14:07 USER=muhammad.khan LAB=lab205 HOME=/home/muhammad.khan
2026-08-12 05:15:30 USER=muhammad.khan LAB=lab204 HOME=/home/muhammad.khan
2026-08-12 09:35:11 USER=sameer.awais LAB=lab201 HOME=/home/sameer.awais
2026-08-12 09:35:56 USER=sameer.awais LAB=lab201 HOME=/home/sameer.awais
2026-08-12 09:38:41 USER=sameer.awais LAB=lab201 HOME=/home/sameer.awais
2026-08-12 09:39:35 USER=sameer.awais LAB=lab201 HOME=/home/sameer.awais
2026-08-12 09:42:10 USER=sameer.awais LAB=lab202 HOME=/home/sameer.awais
2026-08-12 09:46:28 USER=sameer.awais LAB=lab202 HOME=/home/sameer.awais
2026-08-12 09:49:39 USER=sameer.awais LAB=lab202 HOME=/home/sameer.awais
2026-08-12 09:51:16 USER=sameer.awais LAB=lab202 HOME=/home/sameer.awais
2026-08-12 09:52:40 USER=sameer.awais LAB=lab202 HOME=/home/sameer.awais
2026-08-12 09:54:35 USER=sameer.awais LAB=lab202 HOME=/home/sameer.awais
2026-08-12 09:56:46 USER=sameer.awais LAB=lab202 HOME=/home/sameer.awais
2026-08-12 09:57:18 USER=sameer.awais LAB=lab202 HOME=/home/sameer.awais
2026-08-12 09:57:56 USER=sameer.awais LAB=lab202 HOME=/home/sameer.awais
2026-08-12 09:59:21 USER=sameer.awais LAB=lab202 HOME=/home/sameer.awais
2026-08-12 09:59:33 USER=sameer.awais LAB=lab202 HOME=/home/sameer.awais
2026-08-12 10:00:50 USER=sameer.awais LAB=lab203 HOME=/home/sameer.awais
2026-08-12 10:01:43 USER=sameer.awais LAB=lab203 HOME=/home/sameer.awais
2026-08-12 10:02:10 USER=sameer.awais LAB=lab203 HOME=/home/sameer.awais
2026-08-12 10:03:49 USER=sameer.awais LAB=lab203 HOME=/home/sameer.awais
2026-08-12 10:05:54 USER=sameer.awais LAB=lab203 HOME=/home/sameer.awais
2026-08-12 10:07:04 USER=sameer.awais LAB=lab203 HOME=/home/sameer.awais
2026-08-12 10:07:55 USER=sameer.awais LAB=lab203 HOME=/home/sameer.awais
2026-08-12 10:10:02 USER=sameer.awais LAB=lab204 HOME=/home/sameer.awais
2026-08-12 10:11:17 USER=sameer.awais LAB=lab204 HOME=/home/sameer.awais
2026-08-12 10:13:00 USER=sameer.awais LAB=lab204 HOME=/home/sameer.awais
2026-08-12 10:14:49 USER=sameer.awais LAB=lab204 HOME=/home/sameer.awais
2026-08-12 10:16:37 USER=sameer.awais LAB=lab204 HOME=/home/sameer.awais
2026-08-12 13:15:52 USER=fatima.tabusum LAB=lab202 HOME=/home/fatima.tabusum
2026-08-12 13:17:27 USER=fatima.tabusum LAB=lab204 HOME=/home/fatima.tabusum
2026-08-12 13:18:11 USER=fatima.tabusum LAB=lab202 HOME=/home/fatima.tabusum
2026-08-12 13:18:47 USER=fatima.tabusum LAB=lab201 HOME=/home/fatima.tabusum
2026-08-12 13:33:55 USER=fatima.tabusum LAB=lab201 HOME=/home/fatima.tabusum
2026-08-12 14:57:01 USER=ayesha.abdullah LAB=lab201 HOME=/home/ayesha.abdullah
2026-08-12 14:57:50 USER=ayesha.abdullah LAB=lab201 HOME=/home/ayesha.abdullah
2026-08-12 16:21:55 USER=lubna.nazir LAB=lab201 HOME=/home/lubna.nazir
2026-08-12 16:40:27 USER=fatima.tabusum LAB=lab204 HOME=/home/fatima.tabusum
2026-08-12 17:16:39 USER=lubna.nazir LAB=lab202 HOME=/home/lubna.nazir
2026-08-12 17:30:20 USER=jenny.salman LAB=lab201 HOME=/home/jenny.salman
2026-08-12 17:41:41 USER=mohammad.muneeb LAB=lab205 HOME=/home/mohammad.muneeb
2026-08-12 17:50:27 USER=ahmed.mohammed LAB=lab203 HOME=/home/ahmed.mohammed
2026-08-12 17:58:44 USER=janit.rashid LAB=lab201 HOME=/home/janit.rashid
2026-08-12 18:09:20 USER=jenny.salman LAB=lab201 HOME=/home/jenny.salman
2026-08-12 18:20:14 USER=david.salame LAB=lab201 HOME=/home/david.salame
2026-08-12 18:21:41 USER=david.salame LAB=lab201 HOME=/home/david.salame
2026-08-12 18:23:01 USER=david.salame LAB=lab201 HOME=/home/david.salame
2026-08-12 18:25:16 USER=asfiya.umair LAB=lab203 HOME=/home/asfiya.umair
2026-08-12 18:26:17 USER=david.salame LAB=lab201 HOME=/home/david.salame
2026-08-12 18:29:16 USER=david.salame LAB=lab201 HOME=/home/david.salame
2026-08-12 18:29:54 USER=jenny.salman LAB=lab201 HOME=/home/jenny.salman
2026-08-12 18:30:32 USER=david.salame LAB=lab201 HOME=/home/david.salame
2026-08-12 18:31:28 USER=asfiya.umair LAB=lab203 HOME=/home/asfiya.umair
2026-08-12 18:32:14 USER=david.salame LAB=lab201 HOME=/home/david.salame
2026-08-12 18:33:24 USER=jenny.salman LAB=lab201 HOME=/home/jenny.salman
2026-08-12 18:42:49 USER=jenny.salman LAB=lab201 HOME=/home/jenny.salman
2026-08-12 18:43:54 USER=david.salame LAB=lab201 HOME=/home/david.salame
2026-08-12 18:45:15 USER=jenny.salman LAB=lab201 HOME=/home/jenny.salman
2026-08-12 18:46:41 USER=david.salame LAB=lab201 HOME=/home/david.salame
2026-08-12 18:47:23 USER=david.salame LAB=lab201 HOME=/home/david.salame
2026-08-12 18:48:15 USER=david.salame LAB=lab201 HOME=/home/david.salame
2026-08-12 18:48:25 USER=jenny.salman LAB=lab201 HOME=/home/jenny.salman
2026-08-12 18:49:55 USER=david.salame LAB=lab201 HOME=/home/david.salame
2026-08-12 18:52:40 USER=david.salame LAB=lab201 HOME=/home/david.salame
2026-08-12 18:53:33 USER=asfiya.umair LAB=lab203 HOME=/home/asfiya.umair
2026-08-12 18:54:03 USER=mohammad.muneeb LAB=lab201 HOME=/home/mohammad.muneeb
2026-08-12 18:55:55 USER=ayesha.abdullah LAB=lab201 HOME=/home/ayesha.abdullah
2026-08-12 18:57:34 USER=jenny.salman LAB=lab201 HOME=/home/jenny.salman
2026-08-12 18:58:11 USER=david.salame LAB=lab201 HOME=/home/david.salame
2026-08-12 18:58:20 USER=mohammad.muneeb LAB=lab201 HOME=/home/mohammad.muneeb
2026-08-12 19:02:44 USER=mohammad.muneeb LAB=lab201 HOME=/home/mohammad.muneeb
2026-08-12 19:03:10 USER=mohammad.muneeb LAB=lab205 HOME=/home/mohammad.muneeb
2026-08-12 19:03:14 USER=jenny.salman LAB=lab201 HOME=/home/jenny.salman
2026-08-12 19:03:46 USER=jenny.salman LAB=lab201 HOME=/home/jenny.salman
2026-08-12 19:04:16 USER=mohammad.muneeb LAB=lab201 HOME=/home/mohammad.muneeb
2026-08-12 19:04:46 USER=david.salame LAB=lab201 HOME=/home/david.salame
2026-08-12 19:05:19 USER=jenny.salman LAB=lab201 HOME=/home/jenny.salman
2026-08-12 19:05:37 USER=david.salame LAB=lab201 HOME=/home/david.salame
2026-08-12 19:05:59 USER=david.salame LAB=lab201 HOME=/home/david.salame
2026-08-12 19:06:32 USER=jenny.salman LAB=lab201 HOME=/home/jenny.salman
2026-08-12 19:07:05 USER=mohammad.muneeb LAB=lab201 HOME=/home/mohammad.muneeb
2026-08-12 19:08:32 USER=david.salame LAB=lab202 HOME=/home/david.salame
2026-08-12 19:09:03 USER=david.salame LAB=lab202 HOME=/home/david.salame
2026-08-12 19:11:58 USER=david.salame LAB=lab202 HOME=/home/david.salame
2026-08-12 19:13:34 USER=jenny.salman LAB=lab201 HOME=/home/jenny.salman
2026-08-12 19:16:27 USER=david.salame LAB=lab202 HOME=/home/david.salame
2026-08-12 19:17:59 USER=mohammad.muneeb LAB=lab201 HOME=/home/mohammad.muneeb
2026-08-12 19:21:10 USER=david.salame LAB=lab202 HOME=/home/david.salame
2026-08-12 19:21:48 USER=mohammad.muneeb LAB=lab201 HOME=/home/mohammad.muneeb
2026-08-12 19:22:04 USER=david.salame LAB=lab202 HOME=/home/david.salame
2026-08-12 19:23:03 USER=mohammad.muneeb LAB=lab201 HOME=/home/mohammad.muneeb
2026-08-12 19:23:08 USER=fakhr.rabbani LAB=lab202 HOME=/home/fakhr.rabbani
2026-08-12 19:23:40 USER=david.salame LAB=lab202 HOME=/home/david.salame
2026-08-12 19:29:40 USER=fakhr.rabbani LAB=lab202 HOME=/home/fakhr.rabbani
2026-08-12 19:31:52 USER=david.salame LAB=lab202 HOME=/home/david.salame
2026-08-12 19:34:40 USER=david.salame LAB=lab202 HOME=/home/david.salame
2026-08-12 19:36:12 USER=fakhr.rabbani LAB=lab202 HOME=/home/fakhr.rabbani
2026-08-12 19:36:14 USER=david.salame LAB=lab202 HOME=/home/david.salame
2026-08-12 19:37:08 USER=david.salame LAB=lab202 HOME=/home/david.salame
2026-08-12 19:37:45 USER=mohammad.muneeb LAB=lab201 HOME=/home/mohammad.muneeb
2026-08-12 19:38:34 USER=mohammad.muneeb LAB=lab201 HOME=/home/mohammad.muneeb
2026-08-12 19:42:55 USER=mohammad.muneeb LAB=lab201 HOME=/home/mohammad.muneeb
2026-08-12 19:43:54 USER=david.salame LAB=lab202 HOME=/home/david.salame
2026-08-12 19:45:06 USER=mohammad.muneeb LAB=lab201 HOME=/home/mohammad.muneeb
2026-08-12 19:45:18 USER=david.salame LAB=lab202 HOME=/home/david.salame
2026-08-12 19:47:57 USER=david.salame LAB=lab202 HOME=/home/david.salame
2026-08-12 19:48:17 USER=abdulrahman.alshehri LAB=lab202 HOME=/home/abdulrahman.alshehri
2026-08-12 19:50:09 USER=abdulrahman.alshehri LAB=lab202 HOME=/home/abdulrahman.alshehri
2026-08-12 19:51:27 USER=david.salame LAB=lab202 HOME=/home/david.salame
2026-08-12 19:53:17 USER=jenny.salman LAB=lab202 HOME=/home/jenny.salman
2026-08-12 19:53:32 USER=mohammad.muneeb LAB=lab201 HOME=/home/mohammad.muneeb
2026-08-12 20:01:41 USER=abdulrahman.alshehri LAB=lab202 HOME=/home/abdulrahman.alshehri
2026-08-12 20:02:22 USER=david.salame LAB=lab202 HOME=/home/david.salame
2026-08-12 20:03:29 USER=rupinder.kaur LAB=lab204 HOME=/home/rupinder.kaur
2026-08-12 20:05:51 USER=abdulrahman.alshehri LAB=lab202 HOME=/home/abdulrahman.alshehri
2026-08-12 20:09:30 USER=abdulrahman.alshehri LAB=lab202 HOME=/home/abdulrahman.alshehri
2026-08-12 20:13:39 USER=david.salame LAB=lab202 HOME=/home/david.salame
2026-08-12 20:14:46 USER=david.salame LAB=lab202 HOME=/home/david.salame
2026-08-12 20:16:26 USER=david.salame LAB=lab202 HOME=/home/david.salame
2026-08-12 20:17:42 USER=david.salame LAB=lab202 HOME=/home/david.salame
2026-08-12 20:18:11 USER=isbah.noor LAB=lab201 HOME=/home/isbah.noor
2026-08-12 20:18:57 USER=isbah.noor LAB=lab202 HOME=/home/isbah.noor
2026-08-12 20:20:27 USER=david.salame LAB=lab202 HOME=/home/david.salame
2026-08-12 20:23:13 USER=david.salame LAB=lab202 HOME=/home/david.salame
2026-08-12 20:27:32 USER=david.salame LAB=lab202 HOME=/home/david.salame
2026-08-12 20:28:03 USER=isbah.noor LAB=lab202 HOME=/home/isbah.noor
2026-08-12 20:29:47 USER=david.salame LAB=lab202 HOME=/home/david.salame
2026-08-12 20:33:14 USER=mohammad.muneeb LAB=lab202 HOME=/home/mohammad.muneeb
2026-08-12 20:33:52 USER=david.salame LAB=lab202 HOME=/home/david.salame
2026-08-12 20:34:51 USER=david.salame LAB=lab202 HOME=/home/david.salame
2026-08-12 20:35:40 USER=david.salame LAB=lab202 HOME=/home/david.salame
2026-08-12 20:36:29 USER=ayesha.abdullah LAB=lab202 HOME=/home/ayesha.abdullah
2026-08-12 20:36:30 USER=isbah.noor LAB=lab202 HOME=/home/isbah.noor
2026-08-12 20:36:36 USER=david.salame LAB=lab202 HOME=/home/david.salame
2026-08-12 20:36:57 USER=david.salame LAB=lab202 HOME=/home/david.salame
2026-08-12 20:37:05 USER=mohammad.muneeb LAB=lab202 HOME=/home/mohammad.muneeb
2026-08-12 20:38:26 USER=david.salame LAB=lab202 HOME=/home/david.salame
2026-08-12 20:38:40 USER=mohammad.muneeb LAB=lab202 HOME=/home/mohammad.muneeb
2026-08-12 20:39:30 USER=david.salame LAB=lab204 HOME=/home/david.salame
2026-08-12 20:39:36 USER=mohammad.muneeb LAB=lab202 HOME=/home/mohammad.muneeb
2026-08-12 20:39:57 USER=david.salame LAB=lab203 HOME=/home/david.salame
2026-08-12 20:40:46 USER=isbah.noor LAB=lab202 HOME=/home/isbah.noor
2026-08-12 20:44:00 USER=isbah.noor LAB=lab202 HOME=/home/isbah.noor
2026-08-12 20:53:57 USER=ayesha.abdullah LAB=lab203 HOME=/home/ayesha.abdullah
2026-08-12 20:53:57 USER=fatima.tabusum LAB=lab204 HOME=/home/fatima.tabusum
2026-08-12 21:03:30 USER=ayesha.abdullah LAB=lab204 HOME=/home/ayesha.abdullah
2026-08-12 21:08:07 USER=saim LAB=lab206 HOME=/home/saim
2026-08-12 21:17:30 USER=mehedi.hasan LAB=lab204 HOME=/home/mehedi.hasan
2026-08-12 21:18:46 USER=jenny.salman LAB=lab202 HOME=/home/jenny.salman
2026-08-12 21:25:18 USER=jenny.salman LAB=lab202 HOME=/home/jenny.salman
2026-08-12 21:25:31 USER=jenny.salman LAB=lab202 HOME=/home/jenny.salman
2026-08-12 21:25:52 USER=jenny.salman LAB=lab202 HOME=/home/jenny.salman
2026-08-12 21:26:16 USER=jenny.salman LAB=lab202 HOME=/home/jenny.salman
2026-08-12 21:26:43 USER=jenny.salman LAB=lab202 HOME=/home/jenny.salman
2026-08-12 21:27:15 USER=jenny.salman LAB=lab202 HOME=/home/jenny.salman
2026-08-12 21:27:25 USER=abdulrahman.alshehri LAB=lab202 HOME=/home/abdulrahman.alshehri
2026-08-12 21:27:30 USER=jenny.salman LAB=lab202 HOME=/home/jenny.salman
2026-08-12 21:33:42 USER=jenny.salman LAB=lab202 HOME=/home/jenny.salman
2026-08-12 21:34:01 USER=jenny.salman LAB=lab202 HOME=/home/jenny.salman
2026-08-12 21:34:44 USER=abdulrahman.alshehri LAB=lab202 HOME=/home/abdulrahman.alshehri
2026-08-12 21:36:13 USER=isbah.noor LAB=lab202 HOME=/home/isbah.noor
2026-08-12 21:36:31 USER=isbah.noor LAB=lab202 HOME=/home/isbah.noor
2026-08-12 21:36:48 USER=isbah.noor LAB=lab202 HOME=/home/isbah.noor
2026-08-12 21:36:57 USER=jenny.salman LAB=lab202 HOME=/home/jenny.salman
2026-08-12 22:01:57 USER=isbah.noor LAB=lab201 HOME=/home/isbah.noor
2026-08-12 22:05:51 USER=isbah.noor LAB=lab201 HOME=/home/isbah.noor
2026-08-12 22:16:08 USER=raza.ali LAB=lab201 HOME=/home/raza.ali
2026-08-12 22:16:29 USER=raza.ali LAB=lab201 HOME=/home/raza.ali
2026-08-12 22:25:46 USER=raza.ali LAB=lab201 HOME=/home/raza.ali
2026-08-12 22:31:35 USER=ayesha.abdullah LAB=lab204 HOME=/home/ayesha.abdullah
2026-08-12 22:50:41 USER=hasnat.kamal LAB=lab201 HOME=/home/hasnat.kamal
2026-08-12 22:51:04 USER=hasnat.kamal LAB=lab201 HOME=/home/hasnat.kamal
2026-08-12 22:51:07 USER=ayesha.abdullah LAB=lab204 HOME=/home/ayesha.abdullah
2026-08-12 23:22:20 USER=rikza.ali LAB=lab201 HOME=/home/rikza.ali
2026-08-12 23:22:40 USER=rikza.ali LAB=lab201 HOME=/home/rikza.ali
2026-08-12 23:24:24 USER=hasnat.kamal LAB=lab201 HOME=/home/hasnat.kamal
2026-08-12 23:25:10 USER=hasnat.kamal LAB=lab202 HOME=/home/hasnat.kamal
2026-08-12 23:25:14 USER=rikza.ali LAB=lab201 HOME=/home/rikza.ali
2026-08-12 23:25:21 USER=hasnat.kamal LAB=lab203 HOME=/home/hasnat.kamal
2026-08-12 23:46:04 USER=muhammad.bilal LAB=lab203 HOME=/home/muhammad.bilal
2026-08-12 23:50:22 USER=saeed.anwar LAB=lab201 HOME=/home/saeed.anwar
2026-08-13 00:07:31 USER=saba.nawaz LAB=lab201 HOME=/home/saba.nawaz
2026-08-13 00:11:27 USER=noor.fatima LAB=lab202 HOME=/home/noor.fatima
2026-08-13 00:12:26 USER=kinza.afzal LAB=lab202 HOME=/home/kinza.afzal
2026-08-13 00:13:44 USER=noor.fatima LAB=lab202 HOME=/home/noor.fatima
2026-08-13 00:13:56 USER=kinza.afzal LAB=lab202 HOME=/home/kinza.afzal
2026-08-13 00:14:18 USER=noor.fatima LAB=lab202 HOME=/home/noor.fatima
2026-08-13 00:14:37 USER=kinza.afzal LAB=lab202 HOME=/home/kinza.afzal
2026-08-13 00:15:08 USER=noor.fatima LAB=lab202 HOME=/home/noor.fatima
2026-08-13 00:16:22 USER=muhammad.bilal LAB=lab204 HOME=/home/muhammad.bilal
2026-08-13 00:35:16 USER=lubna.nazir LAB=lab203 HOME=/home/lubna.nazir
2026-08-13 00:35:29 USER=lubna.nazir LAB=lab203 HOME=/home/lubna.nazir
2026-08-13 00:36:26 USER=kinza.afzal LAB=lab202 HOME=/home/kinza.afzal
2026-08-13 00:36:51 USER=kinza.afzal LAB=lab202 HOME=/home/kinza.afzal
2026-08-13 00:38:35 USER=noor.fatima LAB=lab202 HOME=/home/noor.fatima
2026-08-13 00:58:18 USER=rikza.ali LAB=lab202 HOME=/home/rikza.ali
2026-08-13 00:59:02 USER=rikza.ali LAB=lab202 HOME=/home/rikza.ali
2026-08-13 01:01:34 USER=raza.ali LAB=lab205 HOME=/home/raza.ali
2026-08-13 01:02:08 USER=saim LAB=lab202 HOME=/home/saim
2026-08-13 01:04:16 USER=jenny.salman LAB=lab202 HOME=/home/jenny.salman
2026-08-13 01:04:27 USER=jenny.salman LAB=lab202 HOME=/home/jenny.salman
2026-08-13 01:05:24 USER=saim LAB=lab202 HOME=/home/saim
2026-08-13 01:07:28 USER=fakhr.rabbani LAB=lab203 HOME=/home/fakhr.rabbani
2026-08-13 01:08:01 USER=saim LAB=lab202 HOME=/home/saim
2026-08-13 01:08:32 USER=jenny.salman LAB=lab202 HOME=/home/jenny.salman
2026-08-13 01:08:36 USER=fakhr.rabbani LAB=lab203 HOME=/home/fakhr.rabbani
2026-08-13 01:08:58 USER=babar.temoor LAB=lab201 HOME=/home/babar.temoor
2026-08-13 01:10:11 USER=babar.temoor LAB=lab202 HOME=/home/babar.temoor
2026-08-13 01:11:13 USER=babar.temoor LAB=lab203 HOME=/home/babar.temoor
2026-08-13 01:11:44 USER=babar.temoor LAB=lab204 HOME=/home/babar.temoor
2026-08-13 01:12:54 USER=babar.temoor LAB=lab205 HOME=/home/babar.temoor
2026-08-13 01:12:56 USER=danyal.khan LAB=lab205 HOME=/home/danyal.khan
2026-08-13 01:13:16 USER=danyal.khan LAB=lab205 HOME=/home/danyal.khan
2026-08-13 01:20:40 USER=sadia.rafiq LAB=lab203 HOME=/home/sadia.rafiq
2026-08-13 01:20:55 USER=sadia.rafiq LAB=lab203 HOME=/home/sadia.rafiq
2026-08-13 01:21:17 USER=sadia.rafiq LAB=lab203 HOME=/home/sadia.rafiq
2026-08-13 01:24:21 USER=abdulrahman.alshehri LAB=lab201 HOME=/home/abdulrahman.alshehri
2026-08-13 01:28:47 USER=arjun.singh LAB=lab204 HOME=/home/arjun.singh
2026-08-13 01:34:08 USER=waqar.zahoor LAB=lab201 HOME=/home/waqar.zahoor
2026-08-13 01:34:09 USER=muneeb.ayub LAB=lab205 HOME=/home/muneeb.ayub
2026-08-13 01:44:18 USER=muneeb.ayub LAB=lab205 HOME=/home/muneeb.ayub
2026-08-13 01:45:43 USER=saba.nawaz LAB=lab204 HOME=/home/saba.nawaz
2026-08-13 01:45:54 USER=muneeb.ayub LAB=lab205 HOME=/home/muneeb.ayub
2026-08-13 02:08:52 USER=fatima.tabusum LAB=lab203 HOME=/home/fatima.tabusum
2026-08-13 02:09:06 USER=fatima.tabusum LAB=lab203 HOME=/home/fatima.tabusum
2026-08-13 02:10:36 USER=fatima.tabusum LAB=lab203 HOME=/home/fatima.tabusum
2026-08-13 02:11:26 USER=fatima.tabusum LAB=lab203 HOME=/home/fatima.tabusum
2026-08-13 02:11:40 USER=fatima.tabusum LAB=lab204 HOME=/home/fatima.tabusum
2026-08-13 02:12:31 USER=nimat.ullah LAB=lab203 HOME=/home/nimat.ullah
2026-08-13 02:15:14 USER=auroba.ahmad LAB=lab204 HOME=/home/auroba.ahmad
2026-08-13 02:15:23 USER=waqar.zahoor LAB=lab202 HOME=/home/waqar.zahoor
2026-08-13 02:17:56 USER=kevin.on LAB=lab201 HOME=/home/kevin.on
2026-08-13 02:48:13 USER=arjun.singh LAB=lab203 HOME=/home/arjun.singh
2026-08-13 02:54:45 USER=abdullah.anjum LAB=lab201 HOME=/home/abdullah.anjum
2026-08-13 02:55:01 USER=abdullah.anjum LAB=lab201 HOME=/home/abdullah.anjum
2026-08-13 02:56:50 USER=muhammad.shoaib LAB=lab201 HOME=/home/muhammad.shoaib
2026-08-13 02:56:53 USER=khawar.abbas LAB=lab201 HOME=/home/khawar.abbas
2026-08-13 02:57:39 USER=yuliana.cuzzi LAB=lab201 HOME=/home/yuliana.cuzzi
2026-08-13 02:57:39 USER=sadia.rafiq LAB=lab203 HOME=/home/sadia.rafiq
2026-08-13 02:58:24 USER=fakhr.rabbani LAB=lab203 HOME=/home/fakhr.rabbani
2026-08-13 02:59:30 USER=sadia.rafiq LAB=lab203 HOME=/home/sadia.rafiq
2026-08-13 03:00:22 USER=david.salame LAB=lab202 HOME=/home/david.salame
2026-08-13 03:01:44 USER=abdullah.anjum LAB=lab201 HOME=/home/abdullah.anjum
2026-08-13 03:03:10 USER=david.salame LAB=lab203 HOME=/home/david.salame
2026-08-13 03:14:00 USER=saim LAB=lab203 HOME=/home/saim
2026-08-13 03:14:11 USER=abdulrahman.alshehri LAB=lab203 HOME=/home/abdulrahman.alshehri
2026-08-13 03:19:40 USER=david.salame LAB=lab203 HOME=/home/david.salame
2026-08-13 03:21:17 USER=david.salame LAB=lab204 HOME=/home/david.salame
2026-08-13 03:21:56 USER=david.salame LAB=lab205 HOME=/home/david.salame
2026-08-13 03:22:06 USER=arjun.singh LAB=lab202 HOME=/home/arjun.singh
2026-08-13 03:25:56 USER=abdullah.anjum LAB=lab202 HOME=/home/abdullah.anjum
2026-08-13 03:36:14 USER=gurmat.kaur LAB=lab202 HOME=/home/gurmat.kaur
2026-08-13 03:36:55 USER=abdulrahman.alshehri LAB=lab204 HOME=/home/abdulrahman.alshehri
2026-08-13 03:37:41 USER=saim LAB=lab203 HOME=/home/saim
2026-08-13 03:41:16 USER=saim LAB=lab202 HOME=/home/saim
2026-08-13 03:44:45 USER=abdulrahman.alshehri LAB=lab204 HOME=/home/abdulrahman.alshehri
2026-08-13 03:44:56 USER=david.salame LAB=lab204 HOME=/home/david.salame
2026-08-13 03:53:22 USER=saim LAB=lab202 HOME=/home/saim
2026-08-13 04:03:10 USER=kevin.on LAB=lab202 HOME=/home/kevin.on
2026-08-13 04:06:59 USER=abdulrahman.alshehri LAB=lab201 HOME=/home/abdulrahman.alshehri
2026-08-13 04:07:09 USER=david.salame LAB=lab205 HOME=/home/david.salame
2026-08-13 04:07:15 USER=david.salame LAB=lab201 HOME=/home/david.salame
2026-08-13 04:07:21 USER=david.salame LAB=lab202 HOME=/home/david.salame
2026-08-13 04:07:28 USER=david.salame LAB=lab203 HOME=/home/david.salame
2026-08-13 04:07:39 USER=david.salame LAB=lab204 HOME=/home/david.salame
2026-08-13 04:07:56 USER=abdulrahman.alshehri LAB=lab204 HOME=/home/abdulrahman.alshehri
2026-08-13 04:08:08 USER=abdulrahman.alshehri LAB=lab203 HOME=/home/abdulrahman.alshehri
2026-08-13 04:12:01 USER=muhammad.bilal LAB=lab205 HOME=/home/muhammad.bilal
2026-08-13 04:16:26 USER=muhammad.bilal LAB=lab203 HOME=/home/muhammad.bilal
2026-08-13 04:17:08 USER=muhammad.bilal LAB=lab204 HOME=/home/muhammad.bilal
2026-08-13 04:17:49 USER=rikza.ali LAB=lab203 HOME=/home/rikza.ali
2026-08-13 04:18:31 USER=rikza.ali LAB=lab201 HOME=/home/rikza.ali
2026-08-13 04:19:14 USER=rikza.ali LAB=lab202 HOME=/home/rikza.ali
2026-08-13 04:20:59 USER=rikza.ali LAB=lab202 HOME=/home/rikza.ali
2026-08-13 04:34:25 USER=saffi.ullah LAB=lab201 HOME=/home/saffi.ullah
2026-08-13 04:35:07 USER=saffi.ullah LAB=lab201 HOME=/home/saffi.ullah
2026-08-13 04:35:35 USER=saffi.ullah LAB=lab202 HOME=/home/saffi.ullah
2026-08-13 04:36:21 USER=saeed.anwar LAB=lab201 HOME=/home/saeed.anwar
2026-08-13 04:44:57 USER=asfiya.umair LAB=lab203 HOME=/home/asfiya.umair
2026-08-13 04:48:08 USER=asfiya.umair LAB=lab203 HOME=/home/asfiya.umair
2026-08-13 04:49:36 USER=rikza.ali LAB=lab204 HOME=/home/rikza.ali
2026-08-13 04:49:42 USER=asfiya.umair LAB=lab203 HOME=/home/asfiya.umair
2026-08-13 04:50:17 USER=asfiya.umair LAB=lab203 HOME=/home/asfiya.umair
2026-08-13 04:57:18 USER=rikza.ali LAB=lab204 HOME=/home/rikza.ali
2026-08-13 04:59:01 USER=rikza.ali LAB=lab204 HOME=/home/rikza.ali
2026-08-13 06:11:05 USER=raza.ali LAB=lab201 HOME=/home/raza.ali
2026-08-13 06:12:17 USER=raza.ali LAB=lab204 HOME=/home/raza.ali
2026-08-13 06:13:00 USER=raza.ali LAB=lab201 HOME=/home/raza.ali
2026-08-13 06:28:50 USER=raza.ali LAB=lab204 HOME=/home/raza.ali
2026-08-13 06:31:43 USER=raza.ali LAB=lab204 HOME=/home/raza.ali
2026-08-13 06:33:44 USER=raza.ali LAB=lab204 HOME=/home/raza.ali
2026-08-13 06:33:59 USER=raza.ali LAB=lab201 HOME=/home/raza.ali
2026-08-13 06:34:20 USER=raza.ali LAB=lab204 HOME=/home/raza.ali
2026-08-13 06:36:07 USER=raza.ali LAB=lab202 HOME=/home/raza.ali
2026-08-13 06:36:39 USER=raza.ali LAB=lab203 HOME=/home/raza.ali
2026-08-13 06:38:30 USER=raza.ali LAB=lab203 HOME=/home/raza.ali
2026-08-13 06:38:44 USER=raza.ali LAB=lab203 HOME=/home/raza.ali
2026-08-13 06:38:54 USER=raza.ali LAB=lab202 HOME=/home/raza.ali
2026-08-13 06:45:08 USER=ali.raza LAB=lab201 HOME=/home/ali.raza
2026-08-13 06:45:47 USER=ali.raza LAB=lab201 HOME=/home/ali.raza
2026-08-13 06:47:18 USER=ali.raza LAB=lab201 HOME=/home/ali.raza
2026-08-13 06:48:14 USER=ali.raza LAB=lab201 HOME=/home/ali.raza
2026-08-13 07:12:50 USER=ali.raza LAB=lab202 HOME=/home/ali.raza
2026-08-13 07:15:40 USER=ali.raza LAB=lab202 HOME=/home/ali.raza
2026-08-13 07:16:43 USER=ali.raza LAB=lab202 HOME=/home/ali.raza
2026-08-13 08:15:53 USER=nazmeen.faryad LAB=lab204 HOME=/home/nazmeen.faryad
2026-08-13 10:14:51 USER=nazmeen.faryad LAB=lab205 HOME=/home/nazmeen.faryad
2026-08-13 12:48:21 USER=hasnat.kamal LAB=lab201 HOME=/home/hasnat.kamal
2026-08-13 12:55:11 USER=hasnat.kamal LAB=lab101 HOME=/home/hasnat.kamal
2026-08-13 12:59:31 USER=hasnat.kamal LAB=lab202 HOME=/home/hasnat.kamal
2026-08-13 13:41:07 USER=rikza.ali LAB=lab204 HOME=/home/rikza.ali
2026-08-13 13:44:55 USER=jenny.salman LAB=lab202 HOME=/home/jenny.salman
2026-08-13 13:45:37 USER=jenny.salman LAB=lab201 HOME=/home/jenny.salman
2026-08-13 13:48:48 USER=rikza.ali LAB=lab204 HOME=/home/rikza.ali
2026-08-13 13:53:35 USER=rikza.ali LAB=lab204 HOME=/home/rikza.ali
2026-08-13 15:03:56 USER=saeed.anwar LAB=lab201 HOME=/home/saeed.anwar
2026-08-13 15:07:15 USER=saeed.anwar LAB=lab201 HOME=/home/saeed.anwar
2026-08-13 16:46:54 USER=mohammad.muneeb LAB=lab202 HOME=/home/mohammad.muneeb
2026-08-13 16:51:05 USER=mohammad.muneeb LAB=lab202 HOME=/home/mohammad.muneeb
2026-08-13 16:52:11 USER=mohammad.muneeb LAB=lab202 HOME=/home/mohammad.muneeb
2026-08-13 16:52:54 USER=mohammad.muneeb LAB=lab202 HOME=/home/mohammad.muneeb
2026-08-13 16:53:01 USER=ayesha.abdullah LAB=lab201 HOME=/home/ayesha.abdullah
2026-08-13 17:06:25 USER=ayesha.abdullah LAB=lab202 HOME=/home/ayesha.abdullah
2026-08-13 17:07:05 USER=mohammad.muneeb LAB=lab205 HOME=/home/mohammad.muneeb
2026-08-13 17:07:12 USER=mohammad.muneeb LAB=lab201 HOME=/home/mohammad.muneeb
2026-08-13 17:07:25 USER=mohammad.muneeb LAB=lab203 HOME=/home/mohammad.muneeb
2026-08-13 17:16:56 USER=muhammad.annam LAB=lab201 HOME=/home/muhammad.annam
2026-08-13 17:17:15 USER=muhammad.annam LAB=lab202 HOME=/home/muhammad.annam
2026-08-13 17:17:31 USER=muhammad.annam LAB=lab203 HOME=/home/muhammad.annam
2026-08-13 17:17:45 USER=ayesha.abdullah LAB=lab203 HOME=/home/ayesha.abdullah
2026-08-13 17:17:45 USER=muhammad.annam LAB=lab204 HOME=/home/muhammad.annam
2026-08-13 17:18:11 USER=muhammad.annam LAB=lab205 HOME=/home/muhammad.annam
2026-08-13 17:30:46 USER=ayesha.abdullah LAB=lab204 HOME=/home/ayesha.abdullah
2026-08-13 17:31:49 USER=sadia.rafiq LAB=lab204 HOME=/home/sadia.rafiq
2026-08-13 17:33:32 USER=sadia.rafiq LAB=lab203 HOME=/home/sadia.rafiq
2026-08-13 17:33:49 USER=mohammad.muneeb LAB=lab203 HOME=/home/mohammad.muneeb
2026-08-13 17:33:59 USER=mohammad.muneeb LAB=lab204 HOME=/home/mohammad.muneeb
2026-08-13 18:03:41 USER=sadia.rafiq LAB=lab204 HOME=/home/sadia.rafiq
2026-08-13 18:22:03 USER=david.salame LAB=lab205 HOME=/home/david.salame
2026-08-13 18:22:11 USER=david.salame LAB=lab201 HOME=/home/david.salame
2026-08-13 18:22:17 USER=david.salame LAB=lab202 HOME=/home/david.salame
2026-08-13 18:22:24 USER=david.salame LAB=lab203 HOME=/home/david.salame
2026-08-13 18:22:33 USER=david.salame LAB=lab204 HOME=/home/david.salame
2026-08-13 18:24:23 USER=david.salame LAB=lab205 HOME=/home/david.salame
2026-08-13 18:24:41 USER=abdulrahman.alshehri LAB=lab201 HOME=/home/abdulrahman.alshehri
2026-08-13 18:26:36 USER=abdulrahman.alshehri LAB=lab201 HOME=/home/abdulrahman.alshehri
2026-08-13 18:33:43 USER=david.salame LAB=lab205 HOME=/home/david.salame
2026-08-13 18:34:06 USER=david.salame LAB=lab205 HOME=/home/david.salame
2026-08-13 18:34:56 USER=david.salame LAB=lab205 HOME=/home/david.salame
2026-08-13 18:39:45 USER=david.salame LAB=lab205 HOME=/home/david.salame
2026-08-13 18:40:20 USER=abdulrahman.alshehri LAB=lab201 HOME=/home/abdulrahman.alshehri
2026-08-13 18:42:42 USER=david.salame LAB=lab205 HOME=/home/david.salame
2026-08-13 18:43:29 USER=abdulrahman.alshehri LAB=lab201 HOME=/home/abdulrahman.alshehri
2026-08-13 18:43:48 USER=david.salame LAB=lab205 HOME=/home/david.salame
2026-08-13 18:44:24 USER=abdulrahman.alshehri LAB=lab201 HOME=/home/abdulrahman.alshehri
2026-08-13 18:48:58 USER=abdulrahman.alshehri LAB=lab201 HOME=/home/abdulrahman.alshehri
2026-08-13 18:50:06 USER=waqar.zahoor LAB=lab202 HOME=/home/waqar.zahoor
2026-08-13 18:52:13 USER=abdulrahman.alshehri LAB=lab201 HOME=/home/abdulrahman.alshehri
2026-08-13 18:53:05 USER=waqar.zahoor LAB=lab202 HOME=/home/waqar.zahoor
2026-08-13 18:54:07 USER=david.salame LAB=lab205 HOME=/home/david.salame
2026-08-13 18:54:13 USER=waqar.zahoor LAB=lab202 HOME=/home/waqar.zahoor
2026-08-13 18:55:22 USER=david.salame LAB=lab205 HOME=/home/david.salame
2026-08-13 18:55:44 USER=waqar.zahoor LAB=lab202 HOME=/home/waqar.zahoor
2026-08-13 18:56:20 USER=david.salame LAB=lab205 HOME=/home/david.salame
2026-08-13 18:56:33 USER=waqar.zahoor LAB=lab202 HOME=/home/waqar.zahoor
2026-08-13 18:57:34 USER=saeed.anwar LAB=lab201 HOME=/home/saeed.anwar
2026-08-13 18:57:38 USER=david.salame LAB=lab205 HOME=/home/david.salame
2026-08-13 18:58:16 USER=david.salame LAB=lab205 HOME=/home/david.salame
2026-08-13 18:58:53 USER=abdulrahman.alshehri LAB=lab201 HOME=/home/abdulrahman.alshehri
2026-08-13 18:58:53 USER=david.salame LAB=lab205 HOME=/home/david.salame
2026-08-13 18:59:21 USER=fatima.tabusum LAB=lab203 HOME=/home/fatima.tabusum
2026-08-13 19:02:16 USER=fatima.tabusum LAB=lab204 HOME=/home/fatima.tabusum
2026-08-13 19:02:26 USER=saeed.anwar LAB=lab201 HOME=/home/saeed.anwar
2026-08-13 19:02:33 USER=fatima.tabusum LAB=lab201 HOME=/home/fatima.tabusum
2026-08-13 19:02:37 USER=abdulrahman.alshehri LAB=lab202 HOME=/home/abdulrahman.alshehri
2026-08-13 19:02:55 USER=abdulrahman.alshehri LAB=lab203 HOME=/home/abdulrahman.alshehri
2026-08-13 19:03:05 USER=saeed.anwar LAB=lab201 HOME=/home/saeed.anwar
2026-08-13 19:06:17 USER=saeed.anwar LAB=lab201 HOME=/home/saeed.anwar
2026-08-13 19:06:23 USER=david.salame LAB=lab201 HOME=/home/david.salame
2026-08-13 19:06:59 USER=abdulrahman.alshehri LAB=lab202 HOME=/home/abdulrahman.alshehri
2026-08-13 19:07:17 USER=abdulrahman.alshehri LAB=lab203 HOME=/home/abdulrahman.alshehri
2026-08-13 19:07:57 USER=abdulrahman.alshehri LAB=lab203 HOME=/home/abdulrahman.alshehri
2026-08-13 19:09:30 USER=abdulrahman.alshehri LAB=lab203 HOME=/home/abdulrahman.alshehri
2026-08-13 19:09:41 USER=abdulrahman.alshehri LAB=lab204 HOME=/home/abdulrahman.alshehri
2026-08-13 19:09:42 USER=saeed.anwar LAB=lab201 HOME=/home/saeed.anwar
2026-08-13 19:10:58 USER=asfiya.umair LAB=lab204 HOME=/home/asfiya.umair
2026-08-13 19:12:05 USER=saeed.anwar LAB=lab201 HOME=/home/saeed.anwar
2026-08-13 19:18:23 USER=saeed.anwar LAB=lab201 HOME=/home/saeed.anwar
2026-08-13 19:20:13 USER=saeed.anwar LAB=lab201 HOME=/home/saeed.anwar
2026-08-13 19:20:18 USER=zara.khan LAB=lab201 HOME=/home/zara.khan
2026-08-13 19:24:13 USER=david.salame LAB=lab205 HOME=/home/david.salame
2026-08-13 19:24:49 USER=muhammad.shoaib LAB=lab201 HOME=/home/muhammad.shoaib
2026-08-13 19:25:22 USER=david.salame LAB=lab205 HOME=/home/david.salame
2026-08-13 19:25:47 USER=david.salame LAB=lab205 HOME=/home/david.salame
2026-08-13 19:29:28 USER=abdulrahman.alshehri LAB=lab205 HOME=/home/abdulrahman.alshehri
2026-08-13 19:36:37 USER=raza.ali LAB=lab203 HOME=/home/raza.ali
2026-08-13 19:36:58 USER=raza.ali LAB=lab202 HOME=/home/raza.ali
2026-08-13 19:37:17 USER=david.salame LAB=lab205 HOME=/home/david.salame
2026-08-13 19:38:26 USER=david.salame LAB=lab205 HOME=/home/david.salame
2026-08-13 19:38:48 USER=david.salame LAB=lab205 HOME=/home/david.salame
2026-08-13 19:39:21 USER=david.salame LAB=lab205 HOME=/home/david.salame
2026-08-13 19:40:15 USER=david.salame LAB=lab205 HOME=/home/david.salame
2026-08-13 19:41:16 USER=david.salame LAB=lab205 HOME=/home/david.salame
2026-08-13 19:44:00 USER=david.salame LAB=lab205 HOME=/home/david.salame
2026-08-13 19:44:56 USER=david.salame LAB=lab205 HOME=/home/david.salame
2026-08-13 19:47:11 USER=raza.ali LAB=lab202 HOME=/home/raza.ali
2026-08-13 19:48:59 USER=david.salame LAB=lab205 HOME=/home/david.salame
2026-08-13 19:50:29 USER=david.salame LAB=lab205 HOME=/home/david.salame
2026-08-13 19:50:43 USER=raza.ali LAB=lab202 HOME=/home/raza.ali
2026-08-13 19:52:53 USER=raza.ali LAB=lab202 HOME=/home/raza.ali
2026-08-13 19:53:45 USER=raza.ali LAB=lab202 HOME=/home/raza.ali
2026-08-13 19:54:49 USER=david.salame LAB=lab205 HOME=/home/david.salame
2026-08-13 19:55:07 USER=david.salame LAB=lab201 HOME=/home/david.salame
2026-08-13 19:55:15 USER=raza.ali LAB=lab202 HOME=/home/raza.ali
2026-08-13 19:55:18 USER=david.salame LAB=lab202 HOME=/home/david.salame
2026-08-13 19:55:26 USER=david.salame LAB=lab203 HOME=/home/david.salame
2026-08-13 19:56:04 USER=david.salame LAB=lab203 HOME=/home/david.salame
2026-08-13 19:56:12 USER=david.salame LAB=lab204 HOME=/home/david.salame
2026-08-13 19:56:24 USER=david.salame LAB=lab201 HOME=/home/david.salame
2026-08-13 19:56:30 USER=david.salame LAB=lab203 HOME=/home/david.salame
2026-08-13 19:56:35 USER=david.salame LAB=lab204 HOME=/home/david.salame
2026-08-13 19:56:41 USER=david.salame LAB=lab205 HOME=/home/david.salame
2026-08-13 19:56:56 USER=david.salame LAB=lab202 HOME=/home/david.salame
2026-08-13 19:57:43 USER=raza.ali LAB=lab202 HOME=/home/raza.ali
2026-08-13 19:59:29 USER=raza.ali LAB=lab202 HOME=/home/raza.ali
2026-08-13 20:00:53 USER=raza.ali LAB=lab202 HOME=/home/raza.ali
2026-08-13 20:02:30 USER=raza.ali LAB=lab202 HOME=/home/raza.ali
2026-08-13 20:05:13 USER=raza.ali LAB=lab202 HOME=/home/raza.ali
2026-08-13 20:05:59 USER=raza.ali LAB=lab202 HOME=/home/raza.ali
2026-08-13 20:07:26 USER=raza.ali LAB=lab202 HOME=/home/raza.ali
2026-08-13 20:08:46 USER=raza.ali LAB=lab202 HOME=/home/raza.ali
2026-08-13 20:10:40 USER=raza.ali LAB=lab202 HOME=/home/raza.ali
2026-08-13 20:12:44 USER=david.salame LAB=lab101 HOME=/home/david.salame
2026-08-13 20:13:05 USER=david.salame LAB=lab101 HOME=/home/david.salame
2026-08-13 20:14:54 USER=raza.ali LAB=lab202 HOME=/home/raza.ali
2026-08-13 20:15:31 USER=zara.khan LAB=lab202 HOME=/home/zara.khan
2026-08-13 20:15:36 USER=raza.ali LAB=lab201 HOME=/home/raza.ali
2026-08-13 20:15:44 USER=raza.ali LAB=lab202 HOME=/home/raza.ali
2026-08-13 20:15:52 USER=raza.ali LAB=lab203 HOME=/home/raza.ali
2026-08-13 20:16:07 USER=raza.ali LAB=lab204 HOME=/home/raza.ali
2026-08-13 20:16:17 USER=raza.ali LAB=lab205 HOME=/home/raza.ali
2026-08-13 20:30:19 USER=lubna.nazir LAB=lab203 HOME=/home/lubna.nazir
2026-08-13 20:44:01 USER=saeed.anwar LAB=lab201 HOME=/home/saeed.anwar
2026-08-13 20:44:03 USER=ayesha.abdullah LAB=lab205 HOME=/home/ayesha.abdullah
2026-08-13 20:45:50 USER=muhammad.annam LAB=lab205 HOME=/home/muhammad.annam
2026-08-13 20:47:10 USER=fatima.tabusum LAB=lab205 HOME=/home/fatima.tabusum
2026-08-13 20:48:55 USER=lubna.nazir LAB=lab204 HOME=/home/lubna.nazir
2026-08-13 21:03:26 USER=kinza.afzal LAB=lab202 HOME=/home/kinza.afzal
2026-08-13 21:04:23 USER=hasnat.kamal LAB=lab204 HOME=/home/hasnat.kamal
2026-08-13 21:16:31 USER=muhammad.annam LAB=lab205 HOME=/home/muhammad.annam
2026-08-13 21:40:20 USER=muhammad.annam LAB=lab205 HOME=/home/muhammad.annam
2026-08-13 21:48:19 USER=muhammad.annam LAB=lab205 HOME=/home/muhammad.annam
2026-08-13 21:52:10 USER=kinza.afzal LAB=lab202 HOME=/home/kinza.afzal
2026-08-13 21:53:36 USER=muhammad.annam LAB=lab205 HOME=/home/muhammad.annam
2026-08-13 22:01:44 USER=muhammad.annam LAB=lab205 HOME=/home/muhammad.annam
2026-08-13 22:05:22 USER=muhammad.annam LAB=lab205 HOME=/home/muhammad.annam
2026-08-13 22:06:25 USER=muhammad.annam LAB=lab205 HOME=/home/muhammad.annam
2026-08-13 22:12:16 USER=saeed.anwar LAB=lab202 HOME=/home/saeed.anwar
2026-08-13 22:25:34 USER=ayesha.abdullah LAB=lab204 HOME=/home/ayesha.abdullah
2026-08-13 22:28:27 USER=muhammad.annam LAB=lab205 HOME=/home/muhammad.annam
2026-08-13 22:34:47 USER=saeed.anwar LAB=lab202 HOME=/home/saeed.anwar
2026-08-13 22:39:10 USER=rikza.ali LAB=lab205 HOME=/home/rikza.ali
2026-08-13 22:43:46 USER=raza.ali LAB=lab101 HOME=/home/raza.ali
2026-08-13 22:44:19 USER=saeed.anwar LAB=lab202 HOME=/home/saeed.anwar
2026-08-13 22:46:29 USER=saeed.anwar LAB=lab202 HOME=/home/saeed.anwar
2026-08-13 22:49:44 USER=fakhr.rabbani LAB=lab203 HOME=/home/fakhr.rabbani
2026-08-13 22:49:56 USER=fakhr.rabbani LAB=lab202 HOME=/home/fakhr.rabbani
2026-08-13 22:50:04 USER=fakhr.rabbani LAB=lab201 HOME=/home/fakhr.rabbani
2026-08-13 22:50:26 USER=saeed.anwar LAB=lab202 HOME=/home/saeed.anwar
2026-08-13 22:51:15 USER=saeed.anwar LAB=lab202 HOME=/home/saeed.anwar
2026-08-13 22:58:14 USER=saeed.anwar LAB=lab202 HOME=/home/saeed.anwar
2026-08-13 23:15:12 USER=fakhr.rabbani LAB=lab204 HOME=/home/fakhr.rabbani
2026-08-13 23:16:18 USER=raza.ali LAB=lab205 HOME=/home/raza.ali
2026-08-13 23:17:21 USER=raza.ali LAB=lab205 HOME=/home/raza.ali
2026-08-13 23:18:24 USER=raza.ali LAB=lab205 HOME=/home/raza.ali
2026-08-13 23:24:33 USER=raza.ali LAB=lab205 HOME=/home/raza.ali
2026-08-13 23:24:43 USER=zara.khan LAB=lab203 HOME=/home/zara.khan
2026-08-13 23:27:21 USER=raza.ali LAB=lab205 HOME=/home/raza.ali
2026-08-13 23:29:25 USER=raza.ali LAB=lab205 HOME=/home/raza.ali
2026-08-13 23:31:28 USER=syed.ali LAB=lab203 HOME=/home/syed.ali
2026-08-13 23:32:34 USER=noor.fatima LAB=lab202 HOME=/home/noor.fatima
2026-08-13 23:35:45 USER=fakhr.rabbani LAB=lab204 HOME=/home/fakhr.rabbani
2026-08-13 23:36:34 USER=syed.ali LAB=lab203 HOME=/home/syed.ali
2026-08-13 23:37:29 USER=syed.ali LAB=lab203 HOME=/home/syed.ali
2026-08-13 23:37:45 USER=asfiya.umair LAB=lab205 HOME=/home/asfiya.umair
2026-08-13 23:43:06 USER=raza.ali LAB=lab205 HOME=/home/raza.ali
2026-08-13 23:45:03 USER=raza.ali LAB=lab205 HOME=/home/raza.ali
2026-08-13 23:45:16 USER=raza.ali LAB=lab205 HOME=/home/raza.ali
2026-08-13 23:53:18 USER=saeed.anwar LAB=lab202 HOME=/home/saeed.anwar
2026-08-13 23:54:11 USER=saeed.anwar LAB=lab202 HOME=/home/saeed.anwar
2026-08-13 23:57:26 USER=saeed.anwar LAB=lab202 HOME=/home/saeed.anwar
2026-08-13 23:59:17 USER=saeed.anwar LAB=lab202 HOME=/home/saeed.anwar
2026-08-14 00:04:01 USER=fakhr.rabbani LAB=lab205 HOME=/home/fakhr.rabbani
2026-08-14 00:05:47 USER=saeed.anwar LAB=lab202 HOME=/home/saeed.anwar
2026-08-14 00:07:19 USER=fakhr.rabbani LAB=lab205 HOME=/home/fakhr.rabbani
2026-08-14 00:08:39 USER=fakhr.rabbani LAB=lab205 HOME=/home/fakhr.rabbani
2026-08-14 00:08:43 USER=saeed.anwar LAB=lab202 HOME=/home/saeed.anwar
2026-08-14 00:14:31 USER=fatima.tabusum LAB=lab205 HOME=/home/fatima.tabusum
2026-08-14 00:15:22 USER=noor.fatima LAB=lab203 HOME=/home/noor.fatima
2026-08-14 00:18:12 USER=lubna.nazir LAB=lab205 HOME=/home/lubna.nazir
2026-08-14 00:18:46 USER=saeed.anwar LAB=lab202 HOME=/home/saeed.anwar
2026-08-14 00:20:08 USER=lubna.nazir LAB=lab205 HOME=/home/lubna.nazir
2026-08-14 00:21:34 USER=lubna.nazir LAB=lab205 HOME=/home/lubna.nazir
2026-08-14 00:21:42 USER=kinza.afzal LAB=lab203 HOME=/home/kinza.afzal
2026-08-14 00:23:47 USER=saeed.anwar LAB=lab202 HOME=/home/saeed.anwar
2026-08-14 00:24:23 USER=kinza.afzal LAB=lab203 HOME=/home/kinza.afzal
2026-08-14 00:26:41 USER=raza.ali LAB=lab204 HOME=/home/raza.ali
2026-08-14 00:35:11 USER=zara.khan LAB=lab204 HOME=/home/zara.khan
2026-08-14 00:46:35 USER=arjun.singh LAB=lab205 HOME=/home/arjun.singh
2026-08-14 00:47:01 USER=arjun.singh LAB=lab204 HOME=/home/arjun.singh
2026-08-14 00:51:45 USER=syed.ali LAB=lab204 HOME=/home/syed.ali
2026-08-14 00:53:33 USER=arjun.singh LAB=lab204 HOME=/home/arjun.singh
2026-08-14 00:53:48 USER=babar.temoor LAB=lab201 HOME=/home/babar.temoor
2026-08-14 00:57:42 USER=arjun.singh LAB=lab204 HOME=/home/arjun.singh
2026-08-14 00:59:43 USER=arjun.singh LAB=lab205 HOME=/home/arjun.singh
2026-08-14 01:01:42 USER=danyal.khan LAB=lab205 HOME=/home/danyal.khan
2026-08-14 01:02:48 USER=ali.qaisar LAB=lab204 HOME=/home/ali.qaisar
2026-08-14 01:04:02 USER=david.salame LAB=lab205 HOME=/home/david.salame
2026-08-14 01:05:06 USER=muhammad.annam LAB=lab204 HOME=/home/muhammad.annam
2026-08-14 01:05:31 USER=muhammad.annam LAB=lab201 HOME=/home/muhammad.annam
2026-08-14 01:05:34 USER=arjun.singh LAB=lab203 HOME=/home/arjun.singh
2026-08-14 01:06:04 USER=aqsa.mian LAB=lab205 HOME=/home/aqsa.mian
2026-08-14 01:06:12 USER=arjun.singh LAB=lab202 HOME=/home/arjun.singh
2026-08-14 01:06:21 USER=ali.qaisar LAB=lab204 HOME=/home/ali.qaisar
2026-08-14 01:09:55 USER=abdullah.anjum LAB=lab201 HOME=/home/abdullah.anjum
2026-08-14 01:10:03 USER=abdullah.anjum LAB=lab202 HOME=/home/abdullah.anjum
2026-08-14 01:10:13 USER=abdullah.anjum LAB=lab203 HOME=/home/abdullah.anjum
2026-08-14 01:11:01 USER=muhammad.annam LAB=lab201 HOME=/home/muhammad.annam
2026-08-14 01:11:59 USER=david.salame LAB=lab206 HOME=/home/david.salame
2026-08-14 01:12:20 USER=anum.nasim LAB=lab201 HOME=/home/anum.nasim
2026-08-14 01:20:10 USER=waqar.zahoor LAB=lab204 HOME=/home/waqar.zahoor
2026-08-14 01:22:29 USER=muhammad.annam LAB=lab201 HOME=/home/muhammad.annam
2026-08-14 01:23:21 USER=isbah.noor LAB=lab203 HOME=/home/isbah.noor
2026-08-14 01:23:59 USER=muhammad.annam LAB=lab201 HOME=/home/muhammad.annam
2026-08-14 01:24:55 USER=muhammad.annam LAB=lab201 HOME=/home/muhammad.annam
2026-08-14 01:26:17 USER=isbah.noor LAB=lab203 HOME=/home/isbah.noor
2026-08-14 01:26:48 USER=isbah.noor LAB=lab201 HOME=/home/isbah.noor
2026-08-14 01:27:44 USER=abdullah.anjum LAB=lab203 HOME=/home/abdullah.anjum
2026-08-14 01:29:10 USER=janit.rashid LAB=lab204 HOME=/home/janit.rashid
2026-08-14 01:29:10 USER=janit.rashid LAB=lab204 HOME=/home/janit.rashid
2026-08-14 01:29:10 USER=janit.rashid LAB=lab204 HOME=/home/janit.rashid
2026-08-14 01:29:12 USER=janit.rashid LAB=lab204 HOME=/home/janit.rashid
2026-08-14 01:29:13 USER=janit.rashid LAB=lab204 HOME=/home/janit.rashid
2026-08-14 01:29:13 USER=janit.rashid LAB=lab204 HOME=/home/janit.rashid
2026-08-14 01:32:34 USER=ali.qaisar LAB=lab205 HOME=/home/ali.qaisar
2026-08-14 01:33:29 USER=isbah.noor LAB=lab201 HOME=/home/isbah.noor
2026-08-14 01:35:08 USER=isbah.noor LAB=lab202 HOME=/home/isbah.noor
2026-08-14 01:35:41 USER=isbah.noor LAB=lab203 HOME=/home/isbah.noor
2026-08-14 01:35:58 USER=isbah.noor LAB=lab204 HOME=/home/isbah.noor
2026-08-14 01:36:32 USER=isbah.noor LAB=lab205 HOME=/home/isbah.noor
2026-08-14 01:39:10 USER=abdullah.anjum LAB=lab204 HOME=/home/abdullah.anjum
2026-08-14 01:39:34 USER=abdullah.anjum LAB=lab205 HOME=/home/abdullah.anjum
2026-08-14 01:41:10 USER=ali.qaisar LAB=lab205 HOME=/home/ali.qaisar
2026-08-14 01:42:47 USER=muhammad.annam LAB=lab201 HOME=/home/muhammad.annam
2026-08-14 01:43:51 USER=danyal.khan LAB=lab205 HOME=/home/danyal.khan
2026-08-14 01:46:16 USER=muhammad.annam LAB=lab201 HOME=/home/muhammad.annam
2026-08-14 01:51:29 USER=muhammad.annam LAB=lab201 HOME=/home/muhammad.annam
2026-08-14 01:51:44 USER=ali.qaisar LAB=lab205 HOME=/home/ali.qaisar
2026-08-14 01:57:06 USER=muhammad.annam LAB=lab201 HOME=/home/muhammad.annam
2026-08-14 01:58:03 USER=david.salame LAB=lab206 HOME=/home/david.salame
2026-08-14 01:58:12 USER=jenny.salman LAB=lab203 HOME=/home/jenny.salman
2026-08-14 02:00:57 USER=david.salame LAB=lab206 HOME=/home/david.salame
2026-08-14 02:01:34 USER=abdullah.anjum LAB=lab205 HOME=/home/abdullah.anjum
2026-08-14 02:03:36 USER=abdullah.anjum LAB=lab205 HOME=/home/abdullah.anjum
2026-08-14 02:07:50 USER=abdullah.anjum LAB=lab205 HOME=/home/abdullah.anjum
2026-08-14 02:10:31 USER=abdullah.anjum LAB=lab205 HOME=/home/abdullah.anjum
2026-08-14 02:11:43 USER=abdullah.anjum LAB=lab204 HOME=/home/abdullah.anjum
2026-08-14 02:11:53 USER=david.salame LAB=lab206 HOME=/home/david.salame
2026-08-14 02:12:30 USER=abdullah.anjum LAB=lab205 HOME=/home/abdullah.anjum
2026-08-14 02:13:18 USER=david.salame LAB=lab206 HOME=/home/david.salame
2026-08-14 02:13:31 USER=abdullah.anjum LAB=lab206 HOME=/home/abdullah.anjum
2026-08-14 02:15:01 USER=david.salame LAB=lab206 HOME=/home/david.salame
2026-08-14 02:17:23 USER=david.salame LAB=lab206 HOME=/home/david.salame
2026-08-14 02:18:28 USER=muhammad.annam LAB=lab206 HOME=/home/muhammad.annam
2026-08-14 02:19:26 USER=waqar.zahoor LAB=lab206 HOME=/home/waqar.zahoor
2026-08-14 02:20:09 USER=david.salame LAB=lab206 HOME=/home/david.salame
2026-08-14 02:21:25 USER=david.salame LAB=lab206 HOME=/home/david.salame
2026-08-14 02:23:19 USER=david.salame LAB=lab206 HOME=/home/david.salame
2026-08-14 02:25:01 USER=noor.fatima LAB=lab206 HOME=/home/noor.fatima
2026-08-14 02:27:13 USER=abdulrahman.alshehri LAB=lab206 HOME=/home/abdulrahman.alshehri
2026-08-14 02:27:58 USER=david.salame LAB=lab206 HOME=/home/david.salame
2026-08-14 02:28:11 USER=david.salame LAB=lab206 HOME=/home/david.salame
2026-08-14 02:29:28 USER=david.salame LAB=lab206 HOME=/home/david.salame
2026-08-14 02:29:48 USER=david.salame LAB=lab206 HOME=/home/david.salame
2026-08-14 02:30:52 USER=david.salame LAB=lab206 HOME=/home/david.salame
2026-08-14 02:31:36 USER=noor.fatima LAB=lab206 HOME=/home/noor.fatima
2026-08-14 02:32:35 USER=mohammad.muneeb LAB=lab206 HOME=/home/mohammad.muneeb
2026-08-14 02:33:00 USER=abdulrahman.alshehri LAB=lab206 HOME=/home/abdulrahman.alshehri
2026-08-14 02:34:34 USER=david.salame LAB=lab206 HOME=/home/david.salame
2026-08-14 02:34:49 USER=mohammad.muneeb LAB=lab206 HOME=/home/mohammad.muneeb
2026-08-14 02:35:00 USER=david.salame LAB=lab206 HOME=/home/david.salame
2026-08-14 02:37:46 USER=abdulrahman.alshehri LAB=lab206 HOME=/home/abdulrahman.alshehri
2026-08-14 02:38:59 USER=mohammad.muneeb LAB=lab206 HOME=/home/mohammad.muneeb
2026-08-14 02:40:47 USER=mohammad.muneeb LAB=lab206 HOME=/home/mohammad.muneeb
2026-08-14 02:43:50 USER=mohammad.muneeb LAB=lab206 HOME=/home/mohammad.muneeb
2026-08-14 02:44:07 USER=abdulrahman.alshehri LAB=lab206 HOME=/home/abdulrahman.alshehri
2026-08-14 02:45:06 USER=abdulrahman.alshehri LAB=lab206 HOME=/home/abdulrahman.alshehri
2026-08-14 02:46:50 USER=david.salame LAB=lab206 HOME=/home/david.salame
2026-08-14 02:47:07 USER=abdulrahman.alshehri LAB=lab206 HOME=/home/abdulrahman.alshehri
2026-08-14 02:50:17 USER=fakhr.rabbani LAB=lab206 HOME=/home/fakhr.rabbani
2026-08-14 02:50:35 USER=mohammad.muneeb LAB=lab206 HOME=/home/mohammad.muneeb
2026-08-14 02:50:55 USER=david.salame LAB=lab206 HOME=/home/david.salame
2026-08-14 02:56:48 USER=abdulrahman.alshehri LAB=lab206 HOME=/home/abdulrahman.alshehri
2026-08-14 02:57:03 USER=rupinder.kaur LAB=lab206 HOME=/home/rupinder.kaur
2026-08-14 03:01:44 USER=gurmat.kaur LAB=lab203 HOME=/home/gurmat.kaur
2026-08-14 03:07:59 USER=mohammad.muneeb LAB=lab206 HOME=/home/mohammad.muneeb
2026-08-14 03:09:19 USER=arjun.singh LAB=lab206 HOME=/home/arjun.singh
2026-08-14 03:13:02 USER=arjun.singh LAB=lab206 HOME=/home/arjun.singh
2026-08-14 03:14:56 USER=sana.abbasi LAB=lab206 HOME=/home/sana.abbasi
2026-08-14 03:15:32 USER=zunaira.akhtar LAB=lab205 HOME=/home/zunaira.akhtar
2026-08-14 03:16:18 USER=talha.zubair LAB=lab206 HOME=/home/talha.zubair
2026-08-14 03:16:44 USER=awais.ahmed LAB=lab206 HOME=/home/awais.ahmed
2026-08-14 03:16:48 USER=saeed.anwar LAB=lab202 HOME=/home/saeed.anwar
2026-08-14 03:16:50 USER=talha.zubair LAB=lab206 HOME=/home/talha.zubair
2026-08-14 03:17:09 USER=adil.zafar LAB=lab206 HOME=/home/adil.zafar
2026-08-14 03:17:10 USER=zunaira.akhtar LAB=lab206 HOME=/home/zunaira.akhtar
2026-08-14 03:17:19 USER=lubna.nazir LAB=lab206 HOME=/home/lubna.nazir
2026-08-14 03:17:26 USER=awais.ahmed LAB=lab201 HOME=/home/awais.ahmed
2026-08-14 03:17:28 USER=ali.qaisar LAB=lab206 HOME=/home/ali.qaisar
2026-08-14 03:17:29 USER=aqsa.mian LAB=lab206 HOME=/home/aqsa.mian
2026-08-14 03:17:33 USER=isbah.noor LAB=lab206 HOME=/home/isbah.noor
2026-08-14 03:17:58 USER=syedali6908 LAB=lab206 HOME=/home/syedali6908
2026-08-14 03:18:01 USER=sadia.rafiq LAB=lab206 HOME=/home/sadia.rafiq
2026-08-14 03:18:15 USER=muhammad.bilal LAB=lab206 HOME=/home/muhammad.bilal
2026-08-14 03:18:20 USER=talha.zubair LAB=lab206 HOME=/home/talha.zubair
2026-08-14 03:18:23 USER=sana.abbasi LAB=lab206 HOME=/home/sana.abbasi
2026-08-14 03:18:30 USER=sadia.rafiq LAB=lab206 HOME=/home/sadia.rafiq
2026-08-14 03:18:40 USER=saim LAB=lab206 HOME=/home/saim
2026-08-14 03:19:38 USER=hamza.bashir LAB=lab206 HOME=/home/hamza.bashir
2026-08-14 03:19:47 USER=saba.nawaz LAB=lab206 HOME=/home/saba.nawaz
2026-08-14 03:19:53 USER=sadia.rafiq LAB=lab206 HOME=/home/sadia.rafiq
2026-08-14 03:20:23 USER=syed.abdullah LAB=lab206 HOME=/home/syed.abdullah
2026-08-14 03:20:33 USER=muhammad.khan LAB=lab206 HOME=/home/muhammad.khan
2026-08-14 03:20:41 USER=adil.zafar LAB=lab206 HOME=/home/adil.zafar
2026-08-14 03:20:50 USER=sajjad.shafiq LAB=lab206 HOME=/home/sajjad.shafiq
2026-08-14 03:21:03 USER=anum.nasim LAB=lab206 HOME=/home/anum.nasim
2026-08-14 03:21:07 USER=isbah.noor LAB=lab206 HOME=/home/isbah.noor
2026-08-14 03:21:31 USER=sadia.rafiq LAB=lab206 HOME=/home/sadia.rafiq
2026-08-14 03:21:59 USER=kamaljeet.kaur LAB=lab206 HOME=/home/kamaljeet.kaur
2026-08-14 03:22:22 USER=erum.malik LAB=lab206 HOME=/home/erum.malik
2026-08-14 03:22:37 USER=roha.iqbal LAB=lab206 HOME=/home/roha.iqbal
2026-08-14 03:22:47 USER=arjun.singh LAB=lab205 HOME=/home/arjun.singh
2026-08-14 03:22:54 USER=adil.zafar LAB=lab206 HOME=/home/adil.zafar
2026-08-14 03:23:35 USER=sadia.rafiq LAB=lab206 HOME=/home/sadia.rafiq
2026-08-14 03:23:52 USER=kamaljeet.kaur LAB=lab206 HOME=/home/kamaljeet.kaur
2026-08-14 03:25:32 USER=adil.zafar LAB=lab206 HOME=/home/adil.zafar
2026-08-14 03:25:38 USER=sadia.rafiq LAB=lab206 HOME=/home/sadia.rafiq
2026-08-14 03:25:52 USER=sajjad.shafiq LAB=lab206 HOME=/home/sajjad.shafiq
2026-08-14 03:27:14 USER=jenny.salman LAB=lab206 HOME=/home/jenny.salman
2026-08-14 03:28:20 USER=babar.temoor LAB=lab206 HOME=/home/babar.temoor
2026-08-14 03:28:28 USER=kashif.zaman LAB=lab206 HOME=/home/kashif.zaman
2026-08-14 03:29:58 USER=janit.rashid LAB=lab206 HOME=/home/janit.rashid
2026-08-14 03:31:34 USER=arjun.singh LAB=lab205 HOME=/home/arjun.singh
2026-08-14 03:32:06 USER=arjun.singh LAB=lab204 HOME=/home/arjun.singh
2026-08-14 03:33:29 USER=hamza.bashir LAB=lab206 HOME=/home/hamza.bashir
2026-08-14 03:33:49 USER=sajjad.shafiq LAB=lab206 HOME=/home/sajjad.shafiq
2026-08-14 03:34:13 USER=sajjad.shafiq LAB=lab206 HOME=/home/sajjad.shafiq
2026-08-14 03:37:11 USER=arjun.singh LAB=lab204 HOME=/home/arjun.singh
2026-08-14 03:37:37 USER=arjun.singh LAB=lab204 HOME=/home/arjun.singh
2026-08-14 03:39:27 USER=sajjad.shafiq LAB=lab206 HOME=/home/sajjad.shafiq
2026-08-14 03:40:00 USER=arjun.singh LAB=lab204 HOME=/home/arjun.singh
2026-08-14 03:40:10 USER=arjun.singh LAB=lab203 HOME=/home/arjun.singh
2026-08-14 03:42:37 USER=arjun.singh LAB=lab203 HOME=/home/arjun.singh
2026-08-14 03:45:53 USER=harinderpreet.kaur LAB=lab206 HOME=/home/harinderpreet.kaur
2026-08-14 03:46:55 USER=shafaq.zehra LAB=lab206 HOME=/home/shafaq.zehra
2026-08-14 03:48:39 USER=khawar.abbas LAB=lab206 HOME=/home/khawar.abbas
2026-08-14 03:48:41 USER=harinderpreet.kaur LAB=lab206 HOME=/home/harinderpreet.kaur
2026-08-14 03:52:37 USER=arjun.singh LAB=lab203 HOME=/home/arjun.singh
2026-08-14 04:01:31 USER=saeed.anwar LAB=lab202 HOME=/home/saeed.anwar
2026-08-14 04:04:20 USER=saeed.anwar LAB=lab202 HOME=/home/saeed.anwar
2026-08-14 04:05:29 USER=saeed.anwar LAB=lab202 HOME=/home/saeed.anwar
2026-08-14 04:07:53 USER=saeed.anwar LAB=lab202 HOME=/home/saeed.anwar
2026-08-14 04:19:24 USER=khawar.abbas LAB=lab201 HOME=/home/khawar.abbas
2026-08-14 04:23:58 USER=khawar.abbas LAB=lab206 HOME=/home/khawar.abbas
2026-08-14 04:24:47 USER=khawar.abbas LAB=lab206 HOME=/home/khawar.abbas
2026-08-14 04:42:22 USER=muhammad.annam LAB=lab206 HOME=/home/muhammad.annam
2026-08-14 04:42:37 USER=muhammad.annam LAB=lab201 HOME=/home/muhammad.annam
2026-08-14 04:46:50 USER=saba.nawaz LAB=lab206 HOME=/home/saba.nawaz
2026-08-14 04:49:23 USER=muhammad.annam LAB=lab201 HOME=/home/muhammad.annam
2026-08-14 04:52:31 USER=muhammad.annam LAB=lab201 HOME=/home/muhammad.annam
2026-08-14 04:54:42 USER=raza.ali LAB=lab206 HOME=/home/raza.ali
2026-08-14 04:59:56 USER=raza.ali LAB=lab206 HOME=/home/raza.ali
2026-08-14 05:01:26 USER=muhammad.annam LAB=lab201 HOME=/home/muhammad.annam
2026-08-14 05:05:17 USER=raza.ali LAB=lab206 HOME=/home/raza.ali
2026-08-14 05:06:38 USER=raza.ali LAB=lab206 HOME=/home/raza.ali
2026-08-14 05:06:52 USER=muhammad.annam LAB=lab201 HOME=/home/muhammad.annam
2026-08-14 05:07:57 USER=muhammad.annam LAB=lab201 HOME=/home/muhammad.annam
2026-08-14 05:09:58 USER=raza.ali LAB=lab206 HOME=/home/raza.ali
2026-08-14 05:11:32 USER=muhammad.annam LAB=lab201 HOME=/home/muhammad.annam
2026-08-14 05:11:42 USER=raza.ali LAB=lab206 HOME=/home/raza.ali
2026-08-14 05:12:20 USER=ali.raza LAB=lab203 HOME=/home/ali.raza
2026-08-14 05:14:04 USER=muhammad.annam LAB=lab201 HOME=/home/muhammad.annam
2026-08-14 05:14:42 USER=muhammad.annam LAB=lab201 HOME=/home/muhammad.annam
2026-08-14 05:15:00 USER=raza.ali LAB=lab206 HOME=/home/raza.ali
2026-08-14 05:19:32 USER=raza.ali LAB=lab206 HOME=/home/raza.ali
2026-08-14 05:20:36 USER=muhammad.annam LAB=lab201 HOME=/home/muhammad.annam
2026-08-14 05:20:47 USER=raza.ali LAB=lab206 HOME=/home/raza.ali
2026-08-14 05:24:43 USER=muhammad.annam LAB=lab201 HOME=/home/muhammad.annam
2026-08-14 05:27:08 USER=saba.nawaz LAB=lab205 HOME=/home/saba.nawaz
2026-08-14 05:29:39 USER=muhammad.annam LAB=lab201 HOME=/home/muhammad.annam
2026-08-14 05:29:55 USER=muhammad.annam LAB=lab202 HOME=/home/muhammad.annam
2026-08-14 05:32:23 USER=shafaq.zehra LAB=lab206 HOME=/home/shafaq.zehra
2026-08-14 05:35:17 USER=muhammad.annam LAB=lab202 HOME=/home/muhammad.annam
2026-08-14 05:36:01 USER=muhammad.annam LAB=lab202 HOME=/home/muhammad.annam
2026-08-14 05:39:30 USER=muhammad.annam LAB=lab202 HOME=/home/muhammad.annam
2026-08-14 05:40:07 USER=ali.raza LAB=lab204 HOME=/home/ali.raza
2026-08-14 05:42:26 USER=saba.nawaz LAB=lab204 HOME=/home/saba.nawaz
2026-08-14 05:44:36 USER=muhammad.annam LAB=lab202 HOME=/home/muhammad.annam
2026-08-14 05:46:14 USER=muhammad.annam LAB=lab202 HOME=/home/muhammad.annam
2026-08-14 05:49:32 USER=muhammad.annam LAB=lab202 HOME=/home/muhammad.annam
2026-08-14 05:50:08 USER=muhammad.annam LAB=lab203 HOME=/home/muhammad.annam
2026-08-14 05:54:21 USER=muhammad.annam LAB=lab203 HOME=/home/muhammad.annam
2026-08-14 05:55:15 USER=muhammad.annam LAB=lab203 HOME=/home/muhammad.annam
2026-08-14 06:00:00 USER=muhammad.annam LAB=lab203 HOME=/home/muhammad.annam
2026-08-14 06:00:37 USER=muhammad.annam LAB=lab203 HOME=/home/muhammad.annam
2026-08-14 06:01:51 USER=muhammad.annam LAB=lab203 HOME=/home/muhammad.annam
2026-08-14 06:02:35 USER=muhammad.annam LAB=lab203 HOME=/home/muhammad.annam
2026-08-14 06:05:22 USER=muhammad.annam LAB=lab203 HOME=/home/muhammad.annam
2026-08-14 06:06:23 USER=muhammad.annam LAB=lab203 HOME=/home/muhammad.annam
2026-08-14 06:08:24 USER=muhammad.annam LAB=lab203 HOME=/home/muhammad.annam
2026-08-14 06:08:49 USER=saba.nawaz LAB=lab203 HOME=/home/saba.nawaz
2026-08-14 06:14:12 USER=muhammad.annam LAB=lab203 HOME=/home/muhammad.annam
2026-08-14 06:14:25 USER=muhammad.annam LAB=lab204 HOME=/home/muhammad.annam
2026-08-14 06:14:33 USER=muhammad.annam LAB=lab205 HOME=/home/muhammad.annam
2026-08-14 06:14:42 USER=muhammad.annam LAB=lab206 HOME=/home/muhammad.annam
2026-08-14 06:14:51 USER=muhammad.annam LAB=lab201 HOME=/home/muhammad.annam
2026-08-14 06:14:58 USER=muhammad.annam LAB=lab202 HOME=/home/muhammad.annam
2026-08-14 06:15:07 USER=muhammad.annam LAB=lab203 HOME=/home/muhammad.annam
2026-08-14 06:15:18 USER=muhammad.annam LAB=lab204 HOME=/home/muhammad.annam
2026-08-14 06:15:56 USER=muhammad.annam LAB=lab101 HOME=/home/muhammad.annam
2026-08-14 06:16:23 USER=muhammad.annam LAB=lab105 HOME=/home/muhammad.annam
2026-08-14 06:16:35 USER=muhammad.annam LAB=lab201 HOME=/home/muhammad.annam
2026-08-14 06:16:43 USER=muhammad.annam LAB=lab202 HOME=/home/muhammad.annam
2026-08-14 06:16:52 USER=muhammad.annam LAB=lab203 HOME=/home/muhammad.annam
2026-08-14 06:17:00 USER=muhammad.annam LAB=lab204 HOME=/home/muhammad.annam
2026-08-14 06:17:08 USER=muhammad.annam LAB=lab205 HOME=/home/muhammad.annam
2026-08-14 06:17:16 USER=muhammad.annam LAB=lab206 HOME=/home/muhammad.annam
2026-08-14 06:23:26 USER=zunaira.akhtar LAB=lab201 HOME=/home/zunaira.akhtar
2026-08-14 06:26:49 USER=muhammad.annam LAB=lab201 HOME=/home/muhammad.annam
2026-08-14 06:27:04 USER=ali.raza LAB=lab205 HOME=/home/ali.raza
2026-08-14 06:47:46 USER=raza.ali LAB=lab201 HOME=/home/raza.ali
2026-08-14 07:05:29 USER=shafaq.zehra LAB=lab206 HOME=/home/shafaq.zehra
2026-08-14 07:05:57 USER=shafaq.zehra LAB=lab206 HOME=/home/shafaq.zehra
2026-08-14 07:06:56 USER=shafaq.zehra LAB=lab206 HOME=/home/shafaq.zehra
2026-08-14 08:57:39 USER=adeel.khan LAB=lab201 HOME=/home/adeel.khan
2026-08-14 09:10:55 USER=adeel.khan LAB=lab201 HOME=/home/adeel.khan
2026-08-14 09:15:02 USER=adeel.khan LAB=lab201 HOME=/home/adeel.khan
2026-08-14 10:23:53 USER=hajra.iftikhar LAB=lab206 HOME=/home/hajra.iftikhar
2026-08-14 10:27:59 USER=hajra.iftikhar LAB=lab206 HOME=/home/hajra.iftikhar
2026-08-14 10:30:20 USER=salman.duggal LAB=lab201 HOME=/home/salman.duggal
2026-08-14 10:30:58 USER=salman.duggal LAB=lab203 HOME=/home/salman.duggal
2026-08-14 11:18:51 USER=awais.sattar LAB=lab201 HOME=/home/awais.sattar
2026-08-14 11:27:39 USER=hajra.iftikhar LAB=lab206 HOME=/home/hajra.iftikhar
2026-08-14 11:27:55 USER=hajra.iftikhar LAB=lab101 HOME=/home/hajra.iftikhar
2026-08-14 11:28:06 USER=hajra.iftikhar LAB=lab203 HOME=/home/hajra.iftikhar
2026-08-14 11:40:50 USER=ayesha.aslam LAB=lab206 HOME=/home/ayesha.aslam
2026-08-14 11:51:20 USER=ayesha.aslam LAB=lab206 HOME=/home/ayesha.aslam
2026-08-14 11:51:40 USER=ayesha.aslam LAB=lab206 HOME=/home/ayesha.aslam
2026-08-14 11:58:16 USER=ayesha.aslam LAB=lab206 HOME=/home/ayesha.aslam
2026-08-14 12:02:04 USER=sameer.awais LAB=lab205 HOME=/home/sameer.awais
2026-08-14 12:07:16 USER=sameer.awais LAB=lab205 HOME=/home/sameer.awais
2026-08-14 12:10:09 USER=sameer.awais LAB=lab205 HOME=/home/sameer.awais
2026-08-14 12:14:14 USER=ayesha.aslam LAB=lab206 HOME=/home/ayesha.aslam
2026-08-14 12:18:38 USER=sameer.awais LAB=lab205 HOME=/home/sameer.awais
2026-08-14 12:21:39 USER=sameer.awais LAB=lab205 HOME=/home/sameer.awais
2026-08-14 12:25:37 USER=sameer.awais LAB=lab205 HOME=/home/sameer.awais
2026-08-14 12:31:37 USER=sameer.awais LAB=lab205 HOME=/home/sameer.awais
2026-08-14 12:31:48 USER=sameer.awais LAB=lab205 HOME=/home/sameer.awais
2026-08-14 12:57:52 USER=sadia.rafiq LAB=lab205 HOME=/home/sadia.rafiq
2026-08-14 12:59:17 USER=sadia.rafiq LAB=lab206 HOME=/home/sadia.rafiq
2026-08-14 13:03:47 USER=sadia.rafiq LAB=lab206 HOME=/home/sadia.rafiq
2026-08-14 13:10:42 USER=hasnat.kamal LAB=lab201 HOME=/home/hasnat.kamal
2026-08-14 13:10:55 USER=hasnat.kamal LAB=lab202 HOME=/home/hasnat.kamal
2026-08-14 13:11:05 USER=hasnat.kamal LAB=lab203 HOME=/home/hasnat.kamal
2026-08-14 13:11:32 USER=hasnat.kamal LAB=lab204 HOME=/home/hasnat.kamal
2026-08-14 13:11:44 USER=hasnat.kamal LAB=lab205 HOME=/home/hasnat.kamal
2026-08-14 13:13:38 USER=hasnat.kamal LAB=lab105 HOME=/home/hasnat.kamal
2026-08-14 13:14:03 USER=sadia.rafiq LAB=lab206 HOME=/home/sadia.rafiq
2026-08-14 13:54:16 USER=babar.temoor LAB=lab205 HOME=/home/babar.temoor
2026-08-14 13:55:50 USER=babar.temoor LAB=lab204 HOME=/home/babar.temoor
2026-08-14 13:58:11 USER=sadia.rafiq LAB=lab201 HOME=/home/sadia.rafiq
2026-08-14 13:59:41 USER=sadia.rafiq LAB=lab201 HOME=/home/sadia.rafiq
2026-08-14 14:00:29 USER=sadia.rafiq LAB=lab201 HOME=/home/sadia.rafiq
2026-08-14 14:06:33 USER=sadia.rafiq LAB=lab201 HOME=/home/sadia.rafiq
2026-08-14 14:08:32 USER=sadia.rafiq LAB=lab201 HOME=/home/sadia.rafiq
2026-08-14 14:22:05 USER=amandar.qanoongo LAB=lab201 HOME=/home/amandar.qanoongo
2026-08-14 14:40:26 USER=amandar.qanoongo LAB=lab202 HOME=/home/amandar.qanoongo
2026-08-14 14:40:43 USER=amandar.qanoongo LAB=lab202 HOME=/home/amandar.qanoongo
2026-08-14 14:41:52 USER=babar.temoor LAB=lab204 HOME=/home/babar.temoor
2026-08-14 14:49:04 USER=amandar.qanoongo LAB=lab202 HOME=/home/amandar.qanoongo
2026-08-14 14:51:56 USER=amandar.qanoongo LAB=lab202 HOME=/home/amandar.qanoongo
2026-08-14 14:59:11 USER=amandar.qanoongo LAB=lab203 HOME=/home/amandar.qanoongo
2026-08-14 14:59:27 USER=amandar.qanoongo LAB=lab204 HOME=/home/amandar.qanoongo
2026-08-14 15:23:40 USER=babar.temoor LAB=lab203 HOME=/home/babar.temoor
2026-08-14 15:25:20 USER=saeed.anwar LAB=lab203 HOME=/home/saeed.anwar
2026-08-14 15:27:57 USER=janit.rashid LAB=lab206 HOME=/home/janit.rashid
2026-08-14 15:28:11 USER=saeed.anwar LAB=lab203 HOME=/home/saeed.anwar
2026-08-14 15:29:55 USER=waqar.shah LAB=lab201 HOME=/home/waqar.shah
2026-08-14 15:30:05 USER=saeed.anwar LAB=lab203 HOME=/home/saeed.anwar
2026-08-14 15:31:07 USER=babar.temoor LAB=lab202 HOME=/home/babar.temoor
2026-08-14 15:38:40 USER=rabia.tariq LAB=lab201 HOME=/home/rabia.tariq
2026-08-14 15:46:53 USER=jenny.salman LAB=lab203 HOME=/home/jenny.salman
2026-08-14 15:52:53 USER=sadia.rafiq LAB=lab202 HOME=/home/sadia.rafiq
2026-08-14 16:03:15 USER=hashim.mannan LAB=lab201 HOME=/home/hashim.mannan
2026-08-14 16:04:15 USER=hashim.mannan LAB=lab201 HOME=/home/hashim.mannan
2026-08-14 16:05:14 USER=sadia.rafiq LAB=lab202 HOME=/home/sadia.rafiq
2026-08-14 16:06:28 USER=hashim.mannan LAB=lab201 HOME=/home/hashim.mannan
2026-08-14 16:07:08 USER=hashim.mannan LAB=lab201 HOME=/home/hashim.mannan
2026-08-14 16:08:35 USER=hashim.mannan LAB=lab201 HOME=/home/hashim.mannan
2026-08-14 16:15:03 USER=janit.rashid LAB=lab206 HOME=/home/janit.rashid
2026-08-14 16:15:16 USER=janit.rashid LAB=lab206 HOME=/home/janit.rashid
2026-08-14 16:17:17 USER=jenny.salman LAB=lab203 HOME=/home/jenny.salman
2026-08-14 16:18:05 USER=jenny.salman LAB=lab203 HOME=/home/jenny.salman
2026-08-14 16:18:27 USER=jenny.salman LAB=lab203 HOME=/home/jenny.salman
2026-08-14 16:18:45 USER=jenny.salman LAB=lab203 HOME=/home/jenny.salman
2026-08-14 16:19:15 USER=jenny.salman LAB=lab203 HOME=/home/jenny.salman
2026-08-14 16:20:46 USER=jenny.salman LAB=lab203 HOME=/home/jenny.salman
2026-08-14 16:21:16 USER=jenny.salman LAB=lab203 HOME=/home/jenny.salman
2026-08-14 16:21:48 USER=jenny.salman LAB=lab203 HOME=/home/jenny.salman
2026-08-14 16:22:21 USER=janit.rashid LAB=lab206 HOME=/home/janit.rashid
2026-08-14 16:22:36 USER=janit.rashid LAB=lab206 HOME=/home/janit.rashid
2026-08-14 16:22:48 USER=jenny.salman LAB=lab203 HOME=/home/jenny.salman
2026-08-14 16:23:19 USER=janit.rashid LAB=lab206 HOME=/home/janit.rashid
2026-08-14 16:23:21 USER=jenny.salman LAB=lab203 HOME=/home/jenny.salman
2026-08-14 16:23:46 USER=jenny.salman LAB=lab203 HOME=/home/jenny.salman
2026-08-14 16:24:26 USER=waqar.shah LAB=lab201 HOME=/home/waqar.shah
2026-08-14 16:24:31 USER=jenny.salman LAB=lab203 HOME=/home/jenny.salman
2026-08-14 16:25:22 USER=jenny.salman LAB=lab203 HOME=/home/jenny.salman
2026-08-14 16:25:28 USER=jenny.salman LAB=lab202 HOME=/home/jenny.salman
2026-08-14 16:26:39 USER=waqar.shah LAB=lab206 HOME=/home/waqar.shah
2026-08-14 16:28:57 USER=hajra.iftikhar LAB=lab206 HOME=/home/hajra.iftikhar
2026-08-14 16:29:09 USER=hajra.iftikhar LAB=lab206 HOME=/home/hajra.iftikhar
2026-08-14 16:30:46 USER=jenny.salman LAB=lab203 HOME=/home/jenny.salman
2026-08-14 16:32:21 USER=babar.temoor LAB=lab202 HOME=/home/babar.temoor
2026-08-14 16:32:41 USER=babar.temoor LAB=lab202 HOME=/home/babar.temoor
2026-08-14 16:34:03 USER=babar.temoor LAB=lab202 HOME=/home/babar.temoor
2026-08-14 16:35:24 USER=jenny.salman LAB=lab203 HOME=/home/jenny.salman
2026-08-14 16:37:16 USER=babar.temoor LAB=lab202 HOME=/home/babar.temoor
2026-08-14 16:39:19 USER=jenny.salman LAB=lab203 HOME=/home/jenny.salman
2026-08-14 16:43:09 USER=raza.ali LAB=lab206 HOME=/home/raza.ali
2026-08-14 16:44:38 USER=jenny.salman LAB=lab203 HOME=/home/jenny.salman
2026-08-14 16:48:04 USER=muhammad.shoaib LAB=lab202 HOME=/home/muhammad.shoaib
2026-08-14 16:49:47 USER=jenny.salman LAB=lab203 HOME=/home/jenny.salman
2026-08-14 16:51:41 USER=jenny.salman LAB=lab204 HOME=/home/jenny.salman
2026-08-14 16:51:44 USER=hajra.iftikhar LAB=lab206 HOME=/home/hajra.iftikhar
2026-08-14 16:54:01 USER=muhammad.shoaib LAB=lab202 HOME=/home/muhammad.shoaib
2026-08-14 16:54:42 USER=muhammad.shoaib LAB=lab202 HOME=/home/muhammad.shoaib
2026-08-14 16:54:55 USER=hajra.iftikhar LAB=lab206 HOME=/home/hajra.iftikhar
2026-08-14 16:56:55 USER=hajra.iftikhar LAB=lab206 HOME=/home/hajra.iftikhar
2026-08-14 17:08:59 USER=ayesha.abdullah LAB=lab201 HOME=/home/ayesha.abdullah
2026-08-14 17:16:29 USER=jenny.salman LAB=lab204 HOME=/home/jenny.salman
2026-08-14 17:19:27 USER=jenny.salman LAB=lab204 HOME=/home/jenny.salman
2026-08-14 17:25:46 USER=ayesha.abdullah LAB=lab202 HOME=/home/ayesha.abdullah
2026-08-14 17:42:14 USER=ayesha.abdullah LAB=lab203 HOME=/home/ayesha.abdullah
2026-08-14 17:42:23 USER=jenny.salman LAB=lab204 HOME=/home/jenny.salman
2026-08-14 17:56:22 USER=jenny.salman LAB=lab204 HOME=/home/jenny.salman
2026-08-14 17:56:41 USER=jenny.salman LAB=lab205 HOME=/home/jenny.salman
2026-08-14 17:57:43 USER=ayesha.abdullah LAB=lab204 HOME=/home/ayesha.abdullah
2026-08-14 17:57:56 USER=jenny.salman LAB=lab205 HOME=/home/jenny.salman
