Aug 11 08:02:00 INFO ticket=4300 user=akhan password reset
Aug 11 08:07:13 INFO ticket=4301 user=mlopez printer added
Aug 11 08:12:26 INFO ticket=4302 user=tnguyen wiki access granted
Aug 11 08:17:39 INFO ticket=4303 user=schen laptop re-imaged
Aug 11 08:22:52 INFO ticket=4304 user=dwhite mailbox quota increased
Aug 11 08:27:05 INFO ticket=4305 user=rsimmons vpn access renewed
Aug 11 08:32:18 INFO ticket=4306 user=akhan password reset
Aug 11 08:37:31 INFO ticket=4307 user=mlopez printer added
Aug 11 08:42:44 INFO ticket=4308 user=tnguyen wiki access granted
Aug 11 08:47:57 INFO ticket=4309 user=schen laptop re-imaged
Aug 11 08:52:10 INFO ticket=4310 user=dwhite mailbox quota increased
Aug 11 08:57:23 INFO ticket=4311 user=rsimmons vpn access renewed
Aug 11 09:02:36 INFO ticket=4312 user=akhan password reset
Aug 11 09:07:49 INFO ticket=4313 user=mlopez printer added
Aug 11 09:12:02 INFO ticket=4314 user=tnguyen wiki access granted
Aug 11 09:17:15 INFO ticket=4315 user=schen laptop re-imaged
Aug 11 09:22:28 INFO ticket=4316 user=dwhite mailbox quota increased
Aug 11 09:27:41 INFO ticket=4317 user=rsimmons vpn access renewed
Aug 11 09:32:54 INFO ticket=4318 user=akhan password reset
Aug 11 09:37:07 INFO ticket=4319 user=mlopez printer added
Aug 11 09:42:20 INFO ticket=4320 user=tnguyen wiki access granted
Aug 11 09:47:33 INFO ticket=4321 user=schen laptop re-imaged
Aug 11 09:52:46 INFO ticket=4322 user=dwhite mailbox quota increased
Aug 11 09:57:59 INFO ticket=4323 user=rsimmons vpn access renewed
Aug 11 10:02:12 INFO ticket=4324 user=akhan password reset
Aug 11 10:07:25 INFO ticket=4325 user=mlopez printer added
Aug 11 10:12:38 INFO ticket=4326 user=tnguyen wiki access granted
Aug 11 10:17:51 INFO ticket=4327 user=schen laptop re-imaged
Aug 11 10:22:04 INFO ticket=4328 user=dwhite mailbox quota increased
Aug 11 10:27:17 INFO ticket=4329 user=rsimmons vpn access renewed
Aug 11 10:32:30 INFO ticket=4330 user=akhan password reset
Aug 11 10:37:43 INFO ticket=4331 user=mlopez printer added
Aug 11 10:42:56 INFO ticket=4332 user=tnguyen wiki access granted
Aug 11 10:47:09 INFO ticket=4333 user=schen laptop re-imaged
Aug 11 10:52:22 INFO ticket=4334 user=dwhite mailbox quota increased
Aug 11 10:57:35 INFO ticket=4335 user=rsimmons vpn access renewed
Aug 11 11:02:48 INFO ticket=4336 user=akhan password reset
Aug 11 11:07:01 INFO ticket=4337 user=mlopez printer added
Aug 11 11:12:14 INFO ticket=4338 user=tnguyen wiki access granted
Aug 11 11:17:27 INFO ticket=4339 user=schen laptop re-imaged
Aug 11 11:22:40 INFO ticket=4340 user=dwhite mailbox quota increased
Aug 11 11:27:53 INFO ticket=4341 user=rsimmons vpn access renewed
Aug 11 11:32:06 INFO ticket=4342 user=akhan password reset
Aug 11 11:37:19 INFO ticket=4343 user=mlopez printer added
Aug 11 11:42:32 INFO ticket=4344 user=tnguyen wiki access granted
Aug 11 11:47:45 INFO ticket=4345 user=schen laptop re-imaged
Aug 11 11:52:58 INFO ticket=4346 user=dwhite mailbox quota increased
Aug 11 11:57:11 INFO ticket=4347 user=rsimmons vpn access renewed
Aug 11 12:02:24 INFO ticket=4348 user=akhan password reset
Aug 11 12:07:37 INFO ticket=4349 user=mlopez printer added
Aug 11 12:12:50 INFO ticket=4350 user=tnguyen wiki access granted
Aug 11 12:17:03 INFO ticket=4351 user=schen laptop re-imaged
Aug 11 12:22:16 INFO ticket=4352 user=dwhite mailbox quota increased
Aug 11 12:27:29 INFO ticket=4353 user=rsimmons vpn access renewed
Aug 11 12:32:42 INFO ticket=4354 user=akhan password reset
Aug 11 12:37:55 INFO ticket=4355 user=mlopez printer added
Aug 11 12:42:08 INFO ticket=4356 user=tnguyen wiki access granted
Aug 11 12:47:21 INFO ticket=4357 user=schen laptop re-imaged
Aug 11 12:52:34 INFO ticket=4358 user=dwhite mailbox quota increased
Aug 11 12:57:47 INFO ticket=4359 user=rsimmons vpn access renewed
Aug 11 13:02:00 INFO ticket=4360 user=akhan password reset
Aug 11 13:07:13 INFO ticket=4361 user=mlopez printer added
Aug 11 13:12:26 INFO ticket=4362 user=tnguyen wiki access granted
Aug 11 13:17:39 INFO ticket=4363 user=schen laptop re-imaged
Aug 11 13:22:52 INFO ticket=4364 user=dwhite mailbox quota increased
Aug 11 13:27:05 INFO ticket=4365 user=rsimmons vpn access renewed
Aug 11 13:32:18 INFO ticket=4366 user=akhan password reset
Aug 11 13:37:31 INFO ticket=4367 user=mlopez printer added
Aug 11 13:42:44 INFO ticket=4368 user=tnguyen wiki access granted
Aug 11 13:47:57 INFO ticket=4369 user=schen laptop re-imaged
Aug 11 13:52:10 INFO ticket=4370 user=dwhite mailbox quota increased
Aug 11 13:57:23 INFO ticket=4371 user=rsimmons vpn access renewed
Aug 11 14:02:36 INFO ticket=4372 user=akhan password reset
Aug 11 14:07:49 INFO ticket=4373 user=mlopez printer added
Aug 11 14:12:02 INFO ticket=4374 user=tnguyen wiki access granted
Aug 11 14:17:15 INFO ticket=4375 user=schen laptop re-imaged
Aug 11 14:22:28 INFO ticket=4376 user=dwhite mailbox quota increased
Aug 11 14:27:41 INFO ticket=4377 user=rsimmons vpn access renewed
Aug 11 14:32:54 INFO ticket=4378 user=akhan password reset
Aug 11 14:37:07 INFO ticket=4379 user=mlopez printer added
Aug 11 14:42:20 INFO ticket=4380 user=tnguyen wiki access granted
Aug 11 14:47:33 INFO ticket=4381 user=schen laptop re-imaged
Aug 11 14:52:46 INFO ticket=4382 user=dwhite mailbox quota increased
Aug 11 14:57:59 INFO ticket=4383 user=rsimmons vpn access renewed
Aug 11 15:02:12 INFO ticket=4384 user=akhan password reset
Aug 11 15:07:25 INFO ticket=4385 user=mlopez printer added
Aug 11 15:12:38 INFO ticket=4386 user=tnguyen wiki access granted
Aug 11 15:17:51 INFO ticket=4387 user=schen laptop re-imaged
Aug 11 15:22:04 INFO ticket=4388 user=dwhite mailbox quota increased
Aug 11 15:27:17 INFO ticket=4389 user=rsimmons vpn access renewed
Aug 11 15:32:30 INFO ticket=4390 user=akhan password reset
Aug 11 15:37:43 INFO ticket=4391 user=mlopez printer added
Aug 11 15:42:56 INFO ticket=4392 user=tnguyen wiki access granted
Aug 11 15:47:09 INFO ticket=4393 user=schen laptop re-imaged
Aug 11 15:52:22 INFO ticket=4394 user=dwhite mailbox quota increased
Aug 11 15:57:35 INFO ticket=4395 user=rsimmons vpn access renewed
Aug 11 16:02:48 INFO ticket=4396 user=akhan password reset
Aug 11 16:07:01 INFO ticket=4397 user=mlopez printer added
Aug 11 16:12:14 INFO ticket=4398 user=tnguyen wiki access granted
Aug 11 16:17:27 INFO ticket=4399 user=schen laptop re-imaged
Aug 11 16:22:40 INFO ticket=4400 user=dwhite mailbox quota increased
Aug 11 16:27:53 INFO ticket=4401 user=rsimmons vpn access renewed
Aug 11 16:32:06 INFO ticket=4402 user=akhan password reset
Aug 11 16:37:19 INFO ticket=4403 user=mlopez printer added
Aug 11 16:42:32 INFO ticket=4404 user=tnguyen wiki access granted
Aug 11 16:47:45 INFO ticket=4405 user=schen laptop re-imaged
Aug 11 16:52:58 INFO ticket=4406 user=dwhite mailbox quota increased
Aug 11 16:57:11 INFO ticket=4407 user=rsimmons vpn access renewed
Aug 11 17:02:24 INFO ticket=4408 user=akhan password reset
Aug 11 17:07:37 INFO ticket=4409 user=mlopez printer added
Aug 11 17:12:50 INFO ticket=4410 user=tnguyen wiki access granted
Aug 11 17:17:03 INFO ticket=4411 user=schen laptop re-imaged
Aug 11 17:22:16 INFO ticket=4412 user=dwhite mailbox quota increased
Aug 11 17:27:29 INFO ticket=4413 user=rsimmons vpn access renewed
Aug 11 17:32:42 INFO ticket=4414 user=akhan password reset
Aug 11 17:37:55 INFO ticket=4415 user=mlopez printer added
Aug 11 17:42:08 INFO ticket=4416 user=tnguyen wiki access granted
Aug 11 17:47:21 INFO ticket=4417 user=schen laptop re-imaged
Aug 11 17:52:34 INFO ticket=4418 user=dwhite mailbox quota increased
Aug 11 17:57:47 INFO ticket=4419 user=rsimmons vpn access renewed
Aug 12 09:14:02 INFO ticket=4471 user=badsha account created by identity team
Aug 12 09:20:45 INFO ticket=4471 user=badsha APPROVED for group=developers by manager rsimmons
Aug 12 09:21:10 WARN ticket=4471 user=badsha DENIED for group=admins - developers do not get admin access
Aug 12 09:25:33 INFO ticket=4471 user=badsha laptop issued
Aug 12 10:02:00 INFO ticket=4472 user=schen vpn access renewed
Aug 12 10:30:15 INFO ticket=4473 user=akhan password reset
Aug 12 11:00:00 INFO ticket=4471 assigned to Linux Administration Team - server onboarding pending
